Warning: m=xx on .subckt line will override multiplier m hierarchy!



The temperature limiting function received NaN.
Please check your power dissipation and improve your heat sink Rth!
    This message will be shown only once.

Note: Starting dynamic gmin stepping
Note: Dynamic gmin stepping completed

Note: Compatibility modes selected: hs a


Circuit: * sg13g2-lna -- dr-0003 option-a stage-2 flat core, supply-ramp startup /

Doing analysis at TEMP = 125.000000 and TNOM = 27.000000

Using SPARSE 1.3 as Direct Linear Solver

Initial Transient Solution
--------------------------

Node                                   Voltage
----                                   -------
vdd                                          0
vss                                          0
nc_b                                         0
nc_a                                         0
nc_e                                         0
xqb.s1                                       0
xqb.t                                        0
xqa.s1                                       0
xqa.t                                        0
vbg                                          0
cb3                                          0
xqc.s1                                       0
xqc.t                                        0
gsvo                                         0
es                                           0
dn                                           0
vl                                           0
bref                                         0
xq3.s1                                       0
xq3.t                                        0
vssa#branch                                  0
vvdd#branch                                  0

 Reference value :  3.85280e-07 Reference value :  1.84750e-06 Reference value :  3.34150e-06 Reference value :  4.82750e-06 Reference value :  6.53750e-06 Reference value :  8.03350e-06 Reference value :  9.51650e-06 Reference value :  1.10425e-05
No. of Data Rows : 12011
STARTUP iq3_end 0.000507786 iq3_s2 0.000507786 iq3_s3 0.000507786
BENCH_COMPLETE
ngspice-46 done
