Warning: m=xx on .subckt line will override multiplier m hierarchy!


Note: Compatibility modes selected: hs a


Circuit: * sg13g2-lna -- dr-0003 option-a stage-2 flat core, supply-ramp startup /

Doing analysis at TEMP = 27.000000 and TNOM = 27.000000

Using SPARSE 1.3 as Direct Linear Solver

Initial Transient Solution
--------------------------

Node                                   Voltage
----                                   -------
vdd                                          0
vss                                          0
nc_b                                1.8712e-20
nc_a                               1.14808e-23
nc_e                              -1.17483e-28
xqb.s1                             2.68119e-27
xqb.t                               1.0672e-30
xqa.s1                             1.34959e-29
xqa.t                              5.18953e-37
vbg                                3.90616e-24
cb3                                3.90614e-24
xqc.s1                             1.49494e-31
xqc.t                              5.54108e-53
gsvo                                         0
es                                           0
dn                                           0
vl                                           0
bref                               2.83029e-19
xq3.s1                             1.12926e-26
xq3.t                              7.61213e-44
vssa#branch                        8.72829e-29
vvdd#branch                       -8.72829e-29

 Reference value :  4.87280e-07 Reference value :  2.00250e-06 Reference value :  3.55850e-06 Reference value :  5.20850e-06 Reference value :  6.91450e-06 Reference value :  8.46850e-06 Reference value :  1.00175e-05 Reference value :  1.16115e-05
No. of Data Rows : 12011
STARTUP iq3_end 0.000511593 iq3_s2 0.000511593 iq3_s3 0.000511593
BENCH_COMPLETE
ngspice-46 done
