

The temperature limiting function received NaN.
Please check your power dissipation and improve your heat sink Rth!
    This message will be shown only once.

Note: Starting dynamic gmin stepping
Note: Dynamic gmin stepping completed
Note: Starting dynamic gmin stepping
Note: Dynamic gmin stepping completed

Note: Compatibility modes selected: hs a


Circuit: * sg13g2-lna -- two-tone transient iip3 bench (issue #18)

Doing analysis at TEMP = 125.000000 and TNOM = 27.000000

Using SPARSE 1.3 as Direct Linear Solver

No. of Data Rows : 1
OP ic1 0.00284095 ic2 0.00283751 vce1 0.75123 vce2 0.86877 idd 0.00333796
Doing analysis at TEMP = 125.000000 and TNOM = 27.000000

Using SPARSE 1.3 as Direct Linear Solver

Initial Transient Solution
--------------------------

Node                                   Voltage
----                                   -------
vdd                                       1.62
vin                                          0
va                                           0
rfin                                         0
rfout                                        0
xa.outn                                   1.62
xa.vb2                                 1.48185
xa.casc                                0.75123
xa.xq2.s1                          6.01819e-07
xa.xq2.t                               4.31096
xa.b1                                 0.731235
xa.e1                             -8.02519e-20
xa.xq1.s1                          5.71445e-07
xa.xq1.t                               3.73281
xa.bref                               0.732366
xa.xq3.s1                          4.44529e-08
xa.xq3.t                               2.98356
l.xa.lc#branch                      0.00283752
l.xa.le#branch                      0.00284437
vt2#branch                                   0
vt1#branch                                   0
vdd#branch                         -0.00333796

 Reference value :  1.00000e-06 Reference value :  1.02953e-06 Reference value :  1.05722e-06 Reference value :  1.08388e-06 Reference value :  1.11015e-06 Reference value :  1.13643e-06 Reference value :  1.16280e-06 Reference value :  1.18921e-06 Reference value :  1.21556e-06 Reference value :  1.24258e-06
No. of Data Rows : 65536
NPTS 65536
DFT tone1 0.00160258 tone2 0.00160167 im3l 6.86972E-09 im3h 7.01145E-09 src1 0.000999621
FFT: Time span: 2.62144e-07 s, input length: 65536, zero padding: 0
FFT: Frequency resolution: 3.8147e+06 Hz, output length: 32769
FFTDF 3.8147E+06
FFT tone1 0.00160258 tone2 0.00160167 im3l 6.86004E-09 im3h 7.01934E-09 im5l 4.93503E-11 im5h 6.11225E-11 src1 0.000999621 src2 0.000999618
BENCH_COMPLETE
Note: Simulation executed from .control section 
