
Note: Compatibility modes selected: hs a


Circuit: * sg13g2-lna -- two-tone transient iip3 bench (issue #18)

Doing analysis at TEMP = -40.000000 and TNOM = 27.000000

Using SPARSE 1.3 as Direct Linear Solver

No. of Data Rows : 1
OP ic1 0.0034219 ic2 0.00341751 vce1 0.909743 vce2 1.07026 idd 0.00402591
Doing analysis at TEMP = -40.000000 and TNOM = 27.000000

Using SPARSE 1.3 as Direct Linear Solver

Initial Transient Solution
--------------------------

Node                                   Voltage
----                                   -------
vdd                                       1.98
vin                                          0
va                                           0
rfin                                         0
rfout                                        0
xa.outn                                   1.98
xa.vb2                                 1.81098
xa.casc                               0.909743
xa.xq2.s1                          2.15003e-09
xa.xq2.t                               6.39645
xa.b1                                  0.90208
xa.e1                                        0
xa.xq1.s1                          9.72735e-10
xa.xq1.t                               5.44509
xa.bref                               0.903519
xa.xq3.s1                          3.51081e-10
xa.xq3.t                               4.46185
l.xa.lc#branch                      0.00341751
l.xa.le#branch                      0.00342626
vt2#branch                                   0
vt1#branch                                   0
vdd#branch                         -0.00402591

 Reference value :  1.00000e-06 Reference value :  1.02551e-06 Reference value :  1.05123e-06 Reference value :  1.07755e-06 Reference value :  1.10365e-06 Reference value :  1.12945e-06 Reference value :  1.15565e-06 Reference value :  1.18141e-06 Reference value :  1.20711e-06 Reference value :  1.23291e-06 Reference value :  1.25868e-06
No. of Data Rows : 65536
NPTS 65536
DFT tone1 0.00185344 tone2 0.00185149 im3l 9.36458E-09 im3h 9.25345E-09 src1 0.000999621
FFT: Time span: 2.62144e-07 s, input length: 65536, zero padding: 0
FFT: Frequency resolution: 3.8147e+06 Hz, output length: 32769
FFTDF 3.8147E+06
FFT tone1 0.00185344 tone2 0.00185149 im3l 9.35828E-09 im3h 9.26398E-09 im5l 3.87123E-11 im5h 7.67935E-11 src1 0.000999621 src2 0.000999618
BENCH_COMPLETE
Note: Simulation executed from .control section 
