
Note: Compatibility modes selected: hs a


Circuit: * sg13g2-lna -- two-tone transient iip3 bench (issue #18)

Doing analysis at TEMP = -40.000000 and TNOM = 27.000000

Using SPARSE 1.3 as Direct Linear Solver

No. of Data Rows : 1
OP ic1 0.00225968 ic2 0.00225691 vce1 0.594713 vce2 1.02529 idd 0.00269234
Doing analysis at TEMP = -40.000000 and TNOM = 27.000000

Using SPARSE 1.3 as Direct Linear Solver

Initial Transient Solution
--------------------------

Node                                   Voltage
----                                   -------
vdd                                       1.62
vin                                          0
va                                           0
rfin                                         0
rfout                                        0
xa.outn                                   1.62
xa.vb2                                 1.48247
xa.casc                               0.594713
xa.xq2.s1                          1.76357e-09
xa.xq2.t                               4.04668
xa.b1                                 0.889269
xa.e1                                        0
xa.xq1.s1                          6.35767e-10
xa.xq1.t                               2.35188
xa.bref                               0.890169
xa.xq3.s1                          3.49072e-10
xa.xq3.t                               2.98263
l.xa.lc#branch                      0.00225691
l.xa.le#branch                       0.0022624
vt2#branch                                   0
vt1#branch                                   0
vdd#branch                         -0.00269234

 Reference value :  1.00000e-06 Reference value :  1.02593e-06 Reference value :  1.05181e-06 Reference value :  1.07771e-06 Reference value :  1.10347e-06 Reference value :  1.12939e-06 Reference value :  1.15527e-06 Reference value :  1.18117e-06 Reference value :  1.20789e-06 Reference value :  1.23435e-06 Reference value :  1.26050e-06
No. of Data Rows : 65536
NPTS 65536
DFT tone1 0.00336218 tone2 0.00335976 im3l 1.3543E-07 im3h 1.34843E-07 src1 0.00199924
FFT: Time span: 2.62144e-07 s, input length: 65536, zero padding: 0
FFT: Frequency resolution: 3.8147e+06 Hz, output length: 32769
FFTDF 3.8147E+06
FFT tone1 0.00336218 tone2 0.00335976 im3l 1.35415E-07 im3h 1.34864E-07 im5l 7.64501E-11 im5h 1.36285E-10 src1 0.00199924 src2 0.00199924
BENCH_COMPLETE
Note: Simulation executed from .control section 
