
Note: Compatibility modes selected: hs a


Circuit: * sg13g2-lna -- two-tone transient iip3 bench (issue #18)

Doing analysis at TEMP = 27.000000 and TNOM = 27.000000

Using SPARSE 1.3 as Direct Linear Solver

No. of Data Rows : 1
OP ic1 0.00292411 ic2 0.0029172 vce1 0.801729 vce2 0.998271 idd 0.00346326
Doing analysis at TEMP = 27.000000 and TNOM = 27.000000

Using SPARSE 1.3 as Direct Linear Solver

Initial Transient Solution
--------------------------

Node                                   Voltage
----                                   -------
vdd                                        1.8
vin                                          0
va                                           0
rfin                                         0
rfout                                        0
xa.outn                                    1.8
xa.vb2                                 1.64367
xa.casc                               0.801729
xa.xq2.s1                          1.98093e-09
xa.xq2.t                                5.0974
xa.b1                                 0.842895
xa.e1                                        0
xa.xq1.s1                          8.79957e-10
xa.xq1.t                               4.10546
xa.bref                               0.845167
xa.xq3.s1                          3.29686e-10
xa.xq3.t                               3.67308
l.xa.lc#branch                       0.0029172
l.xa.le#branch                      0.00293099
vt2#branch                                   0
vt1#branch                                   0
vdd#branch                         -0.00346326

 Reference value :  1.00000e-06 Reference value :  1.02681e-06 Reference value :  1.05308e-06 Reference value :  1.07935e-06 Reference value :  1.10600e-06 Reference value :  1.13214e-06 Reference value :  1.15873e-06 Reference value :  1.18689e-06 Reference value :  1.21367e-06 Reference value :  1.23983e-06
No. of Data Rows : 65536
NPTS 65536
DFT tone1 0.00168107 tone2 0.00167983 im3l 9.84438E-09 im3h 9.60023E-09 src1 0.000999621
FFT: Time span: 2.62144e-07 s, input length: 65536, zero padding: 0
FFT: Frequency resolution: 3.8147e+06 Hz, output length: 32769
FFTDF 3.8147E+06
FFT tone1 0.00168107 tone2 0.00167983 im3l 9.83637E-09 im3h 9.61042E-09 im5l 6.60045E-11 im5h 4.7275E-11 src1 0.000999621 src2 0.000999618
BENCH_COMPLETE
Note: Simulation executed from .control section 
