
Note: Compatibility modes selected: hs a


Circuit: * sg13g2-lna -- two-tone transient iip3 bench (issue #18)

Doing analysis at TEMP = 27.000000 and TNOM = 27.000000

Using SPARSE 1.3 as Direct Linear Solver

No. of Data Rows : 1
OP ic1 0.00255129 ic2 0.00254949 vce1 0.665661 vce2 0.954339 idd 0.00301288
Doing analysis at TEMP = 27.000000 and TNOM = 27.000000

Using SPARSE 1.3 as Direct Linear Solver

Initial Transient Solution
--------------------------

Node                                   Voltage
----                                   -------
vdd                                       1.62
vin                                          0
va                                           0
rfin                                         0
rfout                                        0
xa.outn                                   1.62
xa.vb2                                 1.48335
xa.casc                               0.665661
xa.xq2.s1                          1.79139e-09
xa.xq2.t                               4.25289
xa.b1                                 0.818897
xa.e1                              8.67362e-19
xa.xq1.s1                            7.384e-10
xa.xq1.t                               2.96928
xa.bref                               0.819486
xa.xq3.s1                           3.2361e-10
xa.xq3.t                               3.02294
l.xa.lc#branch                      0.00254949
l.xa.le#branch                      0.00255308
vt2#branch                                   0
vt1#branch                                   0
vdd#branch                         -0.00301288

 Reference value :  1.00000e-06 Reference value :  1.02603e-06 Reference value :  1.05200e-06 Reference value :  1.07817e-06 Reference value :  1.10428e-06 Reference value :  1.13037e-06 Reference value :  1.15665e-06 Reference value :  1.18271e-06 Reference value :  1.20938e-06 Reference value :  1.23549e-06 Reference value :  1.26161e-06
No. of Data Rows : 65536
NPTS 65536
DFT tone1 0.00173114 tone2 0.00172977 im3l 1.03458E-08 im3h 1.07891E-08 src1 0.000999621
FFT: Time span: 2.62144e-07 s, input length: 65536, zero padding: 0
FFT: Frequency resolution: 3.8147e+06 Hz, output length: 32769
FFTDF 3.8147E+06
FFT tone1 0.00173114 tone2 0.00172977 im3l 1.03361E-08 im3h 1.07993E-08 im5l 4.87397E-11 im5h 6.82208E-11 src1 0.000999621 src2 0.000999618
BENCH_COMPLETE
Note: Simulation executed from .control section 
