
Note: Compatibility modes selected: hs a


Circuit: * sg13g2-lna -- two-tone transient iip3 bench (issue #18)

Doing analysis at TEMP = -40.000000 and TNOM = 27.000000

Using SPARSE 1.3 as Direct Linear Solver

No. of Data Rows : 1
OP ic1 0.00363874 ic2 0.00363731 vce1 0.928992 vce2 1.05101 idd 0.00425021
Doing analysis at TEMP = -40.000000 and TNOM = 27.000000

Using SPARSE 1.3 as Direct Linear Solver

Initial Transient Solution
--------------------------

Node                                   Voltage
----                                   -------
vdd                                       1.98
vin                                          0
va                                           0
rfin                                         0
rfout                                        0
xa.outn                                   1.98
xa.vb2                                 1.81369
xa.casc                               0.928992
xa.xq2.s1                          2.15856e-09
xa.xq2.t                               6.67922
xa.b1                                 0.885377
xa.e1                                        0
xa.xq1.s1                          1.00246e-09
xa.xq1.t                               5.90637
xa.bref                               0.885847
xa.xq3.s1                          3.47434e-10
xa.xq3.t                               4.47663
l.xa.lc#branch                      0.00363731
l.xa.le#branch                      0.00364016
vt2#branch                                   0
vt1#branch                                   0
vdd#branch                         -0.00425021

 Reference value :  1.00000e-06 Reference value :  1.02556e-06 Reference value :  1.05149e-06 Reference value :  1.07713e-06 Reference value :  1.10277e-06 Reference value :  1.12842e-06 Reference value :  1.15419e-06 Reference value :  1.17969e-06 Reference value :  1.20512e-06 Reference value :  1.23081e-06 Reference value :  1.25817e-06
No. of Data Rows : 65536
NPTS 65536
DFT tone1 0.00201182 tone2 0.00200908 im3l 7.29898E-09 im3h 7.54367E-09 src1 0.000999621
FFT: Time span: 2.62144e-07 s, input length: 65536, zero padding: 0
FFT: Frequency resolution: 3.8147e+06 Hz, output length: 32769
FFTDF 3.8147E+06
FFT tone1 0.00201182 tone2 0.00200908 im3l 7.29303E-09 im3h 7.55531E-09 im5l 5.31009E-11 im5h 6.5183E-11 src1 0.000999621 src2 0.000999618
BENCH_COMPLETE
Note: Simulation executed from .control section 
