
Note: Compatibility modes selected: hs a


Circuit: * sg13g2-lna -- two-tone transient iip3 bench (issue #18)

Doing analysis at TEMP = 27.000000 and TNOM = 27.000000

Using SPARSE 1.3 as Direct Linear Solver

No. of Data Rows : 1
OP ic1 0.00247821 ic2 0.00247497 vce1 0.656736 vce2 0.963264 idd 0.00293637
Doing analysis at TEMP = 27.000000 and TNOM = 27.000000

Using SPARSE 1.3 as Direct Linear Solver

Initial Transient Solution
--------------------------

Node                                   Voltage
----                                   -------
vdd                                       1.62
vin                                          0
va                                           0
rfin                                         0
rfout                                        0
xa.outn                                   1.62
xa.vb2                                 1.48203
xa.casc                               0.656736
xa.xq2.s1                          1.78785e-09
xa.xq2.t                               4.16941
xa.b1                                 0.826538
xa.e1                              1.73472e-18
xa.xq1.s1                          7.25045e-10
xa.xq1.t                               2.84781
xa.bref                               0.827601
xa.xq3.s1                          3.25535e-10
xa.xq3.t                               3.00827
l.xa.lc#branch                      0.00247497
l.xa.le#branch                      0.00248144
vt2#branch                                   0
vt1#branch                                   0
vdd#branch                         -0.00293637

 Reference value :  1.00000e-06 Reference value :  1.02685e-06 Reference value :  1.05302e-06 Reference value :  1.07907e-06 Reference value :  1.10741e-06 Reference value :  1.13441e-06 Reference value :  1.16049e-06 Reference value :  1.18747e-06 Reference value :  1.21722e-06 Reference value :  1.24451e-06
No. of Data Rows : 65536
NPTS 65536
DFT tone1 0.00165522 tone2 0.00165411 im3l 1.14134E-08 im3h 1.1351E-08 src1 0.000999621
FFT: Time span: 2.62144e-07 s, input length: 65536, zero padding: 0
FFT: Frequency resolution: 3.8147e+06 Hz, output length: 32769
FFTDF 3.8147E+06
FFT tone1 0.00165522 tone2 0.00165411 im3l 1.14044E-08 im3h 1.13609E-08 im5l 4.96549E-11 im5h 6.54613E-11 src1 0.000999621 src2 0.000999618
BENCH_COMPLETE
Note: Simulation executed from .control section 
