
Note: Compatibility modes selected: hs a


Circuit: * sg13g2-lna -- two-tone transient iip3 bench (issue #18)

Doing analysis at TEMP = 27.000000 and TNOM = 27.000000

Using SPARSE 1.3 as Direct Linear Solver

No. of Data Rows : 1
OP ic1 0.00305568 ic2 0.00305159 vce1 0.813575 vce2 0.986425 idd 0.00359927
Doing analysis at TEMP = 27.000000 and TNOM = 27.000000

Using SPARSE 1.3 as Direct Linear Solver

Initial Transient Solution
--------------------------

Node                                   Voltage
----                                   -------
vdd                                        1.8
vin                                          0
va                                           0
rfin                                         0
rfout                                        0
xa.outn                                    1.8
xa.vb2                                 1.64625
xa.casc                               0.813575
xa.xq2.s1                          1.98487e-09
xa.xq2.t                               5.26424
xa.b1                                 0.833537
xa.e1                              1.73472e-18
xa.xq1.s1                          8.97111e-10
xa.xq1.t                               4.34863
xa.bref                               0.834881
xa.xq3.s1                          3.27094e-10
xa.xq3.t                                3.6948
l.xa.lc#branch                      0.00305159
l.xa.le#branch                      0.00305975
vt2#branch                                   0
vt1#branch                                   0
vdd#branch                         -0.00359927

 Reference value :  1.00000e-06 Reference value :  1.02659e-06 Reference value :  1.05283e-06 Reference value :  1.08060e-06 Reference value :  1.10970e-06 Reference value :  1.13567e-06 Reference value :  1.16164e-06 Reference value :  1.18913e-06 Reference value :  1.21527e-06 Reference value :  1.24126e-06
No. of Data Rows : 65536
NPTS 65536
DFT tone1 0.00353124 tone2 0.00352813 im3l 7.13953E-08 im3h 7.13612E-08 src1 0.00199924
FFT: Time span: 2.62144e-07 s, input length: 65536, zero padding: 0
FFT: Frequency resolution: 3.8147e+06 Hz, output length: 32769
FFTDF 3.8147E+06
FFT tone1 0.00353124 tone2 0.00352813 im3l 7.13786E-08 im3h 7.13827E-08 im5l 1.12488E-10 im5h 1.15597E-10 src1 0.00199924 src2 0.00199924
BENCH_COMPLETE
Note: Simulation executed from .control section 
