
Note: Compatibility modes selected: hs a


Circuit: * sg13g2-lna -- two-tone transient iip3 bench (issue #18)

Doing analysis at TEMP = -40.000000 and TNOM = 27.000000

Using SPARSE 1.3 as Direct Linear Solver

No. of Data Rows : 1
OP ic1 0.00236498 ic2 0.0023641 vce1 0.61103 vce2 1.00897 idd 0.00280401
Doing analysis at TEMP = -40.000000 and TNOM = 27.000000

Using SPARSE 1.3 as Direct Linear Solver

Initial Transient Solution
--------------------------

Node                                   Voltage
----                                   -------
vdd                                       1.62
vin                                          0
va                                           0
rfin                                         0
rfout                                        0
xa.outn                                   1.62
xa.vb2                                 1.48419
xa.casc                                0.61103
xa.xq2.s1                           1.7694e-09
xa.xq2.t                               4.16813
xa.b1                                 0.874658
xa.e1                              9.78081e-19
xa.xq1.s1                          6.59545e-10
xa.xq1.t                               2.52566
xa.bref                               0.874946
xa.xq3.s1                          3.45282e-10
xa.xq3.t                               3.01177
l.xa.lc#branch                       0.0023641
l.xa.le#branch                      0.00236586
vt2#branch                                   0
vt1#branch                                   0
vdd#branch                         -0.00280401

 Reference value :  1.00000e-06 Reference value :  1.02606e-06 Reference value :  1.05203e-06 Reference value :  1.07795e-06 Reference value :  1.10373e-06 Reference value :  1.12986e-06 Reference value :  1.15575e-06 Reference value :  1.18161e-06 Reference value :  1.20758e-06 Reference value :  1.23352e-06 Reference value :  1.25928e-06
No. of Data Rows : 65536
NPTS 65536
DFT tone1 0.00367053 tone2 0.00366689 im3l 1.17291E-07 im3h 1.22371E-07 src1 0.00199924
FFT: Time span: 2.62144e-07 s, input length: 65536, zero padding: 0
FFT: Frequency resolution: 3.8147e+06 Hz, output length: 32769
FFTDF 3.8147E+06
FFT tone1 0.00367053 tone2 0.00366689 im3l 1.17273E-07 im3h 1.22393E-07 im5l 1.09706E-10 im5h 1.0197E-10 src1 0.00199924 src2 0.00199924
BENCH_COMPLETE
Note: Simulation executed from .control section 
