
Note: Compatibility modes selected: hs a


Circuit: * sg13g2-lna -- two-tone transient iip3 bench (issue #18)

Doing analysis at TEMP = 27.000000 and TNOM = 27.000000

Using SPARSE 1.3 as Direct Linear Solver

No. of Data Rows : 1
OP ic1 0.00305568 ic2 0.00305159 vce1 0.813575 vce2 0.986425 idd 0.00359927
Doing analysis at TEMP = 27.000000 and TNOM = 27.000000

Using SPARSE 1.3 as Direct Linear Solver

Initial Transient Solution
--------------------------

Node                                   Voltage
----                                   -------
vdd                                        1.8
vin                                          0
va                                           0
rfin                                         0
rfout                                        0
xa.outn                                    1.8
xa.vb2                                 1.64625
xa.casc                               0.813575
xa.xq2.s1                          1.98487e-09
xa.xq2.t                               5.26424
xa.b1                                 0.833537
xa.e1                              1.73472e-18
xa.xq1.s1                          8.97111e-10
xa.xq1.t                               4.34863
xa.bref                               0.834881
xa.xq3.s1                          3.27094e-10
xa.xq3.t                                3.6948
l.xa.lc#branch                      0.00305159
l.xa.le#branch                      0.00305975
vt2#branch                                   0
vt1#branch                                   0
vdd#branch                         -0.00359927

 Reference value :  1.00000e-06 Reference value :  1.02596e-06 Reference value :  1.05160e-06 Reference value :  1.07722e-06 Reference value :  1.10357e-06 Reference value :  1.12991e-06 Reference value :  1.15559e-06 Reference value :  1.18164e-06 Reference value :  1.20765e-06 Reference value :  1.23324e-06 Reference value :  1.25912e-06
No. of Data Rows : 65536
NPTS 65536
DFT tone1 0.000882859 tone2 0.000882082 im3l 1.14979E-09 im3h 1.12995E-09 src1 0.00049981
FFT: Time span: 2.62144e-07 s, input length: 65536, zero padding: 0
FFT: Frequency resolution: 3.8147e+06 Hz, output length: 32769
FFTDF 3.8147E+06
FFT tone1 0.000882859 tone2 0.000882082 im3l 1.14562E-09 im3h 1.13533E-09 im5l 2.91757E-11 im5h 3.28483E-11 src1 0.00049981 src2 0.000499809
BENCH_COMPLETE
Note: Simulation executed from .control section 
