
Note: Compatibility modes selected: hs a


Circuit: * sg13g2-lna -- two-tone transient iip3 bench (issue #18)

Doing analysis at TEMP = 27.000000 and TNOM = 27.000000

Using SPARSE 1.3 as Direct Linear Solver

No. of Data Rows : 1
OP ic1 0.00366431 ic2 0.00365927 vce1 0.970997 vce2 1.009 idd 0.00429366
Doing analysis at TEMP = 27.000000 and TNOM = 27.000000

Using SPARSE 1.3 as Direct Linear Solver

Initial Transient Solution
--------------------------

Node                                   Voltage
----                                   -------
vdd                                       1.98
vin                                          0
va                                           0
rfin                                         0
rfout                                        0
xa.outn                                   1.98
xa.vb2                                 1.81039
xa.casc                               0.970997
xa.xq2.s1                          2.18241e-09
xa.xq2.t                               6.45651
xa.b1                                 0.839654
xa.e1                                        0
xa.xq1.s1                          1.07166e-09
xa.xq1.t                               6.22213
xa.bref                               0.841314
xa.xq3.s1                          3.28319e-10
xa.xq3.t                               4.39072
l.xa.lc#branch                      0.00365927
l.xa.le#branch                      0.00366934
vt2#branch                                   0
vt1#branch                                   0
vdd#branch                         -0.00429366

 Reference value :  1.00000e-06 Reference value :  1.02560e-06 Reference value :  1.05140e-06 Reference value :  1.07724e-06 Reference value :  1.10349e-06 Reference value :  1.12951e-06 Reference value :  1.15539e-06 Reference value :  1.18191e-06 Reference value :  1.20782e-06 Reference value :  1.23894e-06
No. of Data Rows : 65536
NPTS 65536
DFT tone1 0.00369543 tone2 0.00369158 im3l 5.52668E-08 im3h 5.51974E-08 src1 0.00199924
FFT: Time span: 2.62144e-07 s, input length: 65536, zero padding: 0
FFT: Frequency resolution: 3.8147e+06 Hz, output length: 32769
FFTDF 3.8147E+06
FFT tone1 0.00369543 tone2 0.00369158 im3l 5.52517E-08 im3h 5.52194E-08 im5l 7.94852E-11 im5h 1.57078E-10 src1 0.00199924 src2 0.00199924
BENCH_COMPLETE
Note: Simulation executed from .control section 
