

The temperature limiting function received NaN.
Please check your power dissipation and improve your heat sink Rth!
    This message will be shown only once.

Note: Starting dynamic gmin stepping
Note: Dynamic gmin stepping completed
Note: Starting dynamic gmin stepping
Note: Dynamic gmin stepping completed

Note: Compatibility modes selected: hs a


Circuit: * sg13g2-lna -- two-tone transient iip3 bench (issue #18)

Doing analysis at TEMP = 125.000000 and TNOM = 27.000000

Using SPARSE 1.3 as Direct Linear Solver

No. of Data Rows : 1
OP ic1 0.00344307 ic2 0.0034388 vce1 0.907191 vce2 0.892809 idd 0.00402525
Doing analysis at TEMP = 125.000000 and TNOM = 27.000000

Using SPARSE 1.3 as Direct Linear Solver

Initial Transient Solution
--------------------------

Node                                   Voltage
----                                   -------
vdd                                        1.8
vin                                          0
va                                           0
rfin                                         0
rfout                                        0
xa.outn                                    1.8
xa.vb2                                 1.64609
xa.casc                               0.907191
xa.xq2.s1                          6.59639e-07
xa.xq2.t                                5.3691
xa.b1                                 0.738875
xa.e1                             -1.01912e-19
xa.xq1.s1                          6.63975e-07
xa.xq1.t                               5.46226
xa.bref                               0.740285
xa.xq3.s1                          4.69118e-08
xa.xq3.t                               3.59897
l.xa.lc#branch                       0.0034388
l.xa.le#branch                      0.00344734
vt2#branch                                   0
vt1#branch                                   0
vdd#branch                         -0.00402525

 Reference value :  1.00000e-06 Reference value :  1.02640e-06 Reference value :  1.05264e-06 Reference value :  1.07879e-06 Reference value :  1.10538e-06 Reference value :  1.13162e-06 Reference value :  1.15780e-06 Reference value :  1.18481e-06 Reference value :  1.21215e-06 Reference value :  1.23853e-06
No. of Data Rows : 65536
NPTS 65536
DFT tone1 0.00171953 tone2 0.00171818 im3l 5.29074E-09 im3h 5.42427E-09 src1 0.000999621
FFT: Time span: 2.62144e-07 s, input length: 65536, zero padding: 0
FFT: Frequency resolution: 3.8147e+06 Hz, output length: 32769
FFTDF 3.8147E+06
FFT tone1 0.00171953 tone2 0.00171818 im3l 5.28074E-09 im3h 5.43407E-09 im5l 5.95053E-11 im5h 6.31694E-11 src1 0.000999621 src2 0.000999618
BENCH_COMPLETE
Note: Simulation executed from .control section 
