

The temperature limiting function received NaN.
Please check your power dissipation and improve your heat sink Rth!
    This message will be shown only once.

Note: Starting dynamic gmin stepping
Note: Dynamic gmin stepping completed
Note: Starting dynamic gmin stepping
Note: Dynamic gmin stepping completed

Note: Compatibility modes selected: hs a


Circuit: * sg13g2-lna -- two-tone transient iip3 bench (issue #18)

Doing analysis at TEMP = 125.000000 and TNOM = 27.000000

Using SPARSE 1.3 as Direct Linear Solver

No. of Data Rows : 1
OP ic1 0.00308893 ic2 0.0030764 vce1 0.880002 vce2 0.919998 idd 0.00366113
Doing analysis at TEMP = 125.000000 and TNOM = 27.000000

Using SPARSE 1.3 as Direct Linear Solver

Initial Transient Solution
--------------------------

Node                                   Voltage
----                                   -------
vdd                                        1.8
vin                                          0
va                                           0
rfin                                         0
rfout                                        0
xa.outn                                    1.8
xa.vb2                                 1.63851
xa.casc                               0.880002
xa.xq2.s1                          6.36813e-07
xa.xq2.t                               4.96107
xa.b1                                 0.758906
xa.e1                             -4.48611e-19
xa.xq1.s1                          6.25131e-07
xa.xq1.t                               4.76545
xa.bref                               0.763056
xa.xq3.s1                          4.67469e-08
xa.xq3.t                               3.55724
l.xa.lc#branch                       0.0030764
l.xa.le#branch                      0.00310151
vt2#branch                                   0
vt1#branch                                   0
vdd#branch                         -0.00366113

 Reference value :  1.00000e-06 Reference value :  1.02634e-06 Reference value :  1.05963e-06 Reference value :  1.08851e-06 Reference value :  1.11513e-06 Reference value :  1.14927e-06 Reference value :  1.17574e-06 Reference value :  1.20190e-06 Reference value :  1.22796e-06 Reference value :  1.25425e-06
No. of Data Rows : 65536
NPTS 65536
DFT tone1 0.00154377 tone2 0.00154298 im3l 6.86574E-09 im3h 6.19555E-09 src1 0.000999621
FFT: Time span: 2.62144e-07 s, input length: 65536, zero padding: 0
FFT: Frequency resolution: 3.8147e+06 Hz, output length: 32769
FFTDF 3.8147E+06
FFT tone1 0.00154377 tone2 0.00154298 im3l 6.85696E-09 im3h 6.20491E-09 im5l 4.1707E-11 im5h 6.44981E-11 src1 0.000999621 src2 0.000999618
BENCH_COMPLETE
Note: Simulation executed from .control section 
