
Note: Compatibility modes selected: hs a


Circuit: * sg13g2-lna -- two-tone transient iip3 bench (issue #18)

Doing analysis at TEMP = 27.000000 and TNOM = 27.000000

Using SPARSE 1.3 as Direct Linear Solver

No. of Data Rows : 1
OP ic1 0.00247821 ic2 0.00247497 vce1 0.656736 vce2 0.963264 idd 0.00293637
Doing analysis at TEMP = 27.000000 and TNOM = 27.000000

Using SPARSE 1.3 as Direct Linear Solver

Initial Transient Solution
--------------------------

Node                                   Voltage
----                                   -------
vdd                                       1.62
vin                                          0
va                                           0
rfin                                         0
rfout                                        0
xa.outn                                   1.62
xa.vb2                                 1.48203
xa.casc                               0.656736
xa.xq2.s1                          1.78785e-09
xa.xq2.t                               4.16941
xa.b1                                 0.826538
xa.e1                              1.73472e-18
xa.xq1.s1                          7.25045e-10
xa.xq1.t                               2.84781
xa.bref                               0.827601
xa.xq3.s1                          3.25535e-10
xa.xq3.t                               3.00827
l.xa.lc#branch                      0.00247497
l.xa.le#branch                      0.00248144
vt2#branch                                   0
vt1#branch                                   0
vdd#branch                         -0.00293637

 Reference value :  1.00000e-06 Reference value :  1.02583e-06 Reference value :  1.05183e-06 Reference value :  1.08009e-06 Reference value :  1.10686e-06 Reference value :  1.13309e-06 Reference value :  1.16025e-06 Reference value :  1.18993e-06 Reference value :  1.21648e-06 Reference value :  1.24222e-06
No. of Data Rows : 65536
NPTS 65536
DFT tone1 0.00331023 tone2 0.00330801 im3l 9.08859E-08 im3h 9.05713E-08 src1 0.00199924
FFT: Time span: 2.62144e-07 s, input length: 65536, zero padding: 0
FFT: Frequency resolution: 3.8147e+06 Hz, output length: 32769
FFTDF 3.8147E+06
FFT tone1 0.00331023 tone2 0.00330801 im3l 9.08678E-08 im3h 9.05912E-08 im5l 9.11478E-11 im5h 1.27173E-10 src1 0.00199924 src2 0.00199924
BENCH_COMPLETE
Note: Simulation executed from .control section 
