
Note: Compatibility modes selected: hs a


Circuit: * sg13g2-lna -- two-tone transient iip3 bench (issue #18)

Doing analysis at TEMP = 27.000000 and TNOM = 27.000000

Using SPARSE 1.3 as Direct Linear Solver

No. of Data Rows : 1
OP ic1 0.00315779 ic2 0.00315551 vce1 0.823233 vce2 0.976767 idd 0.00370506
Doing analysis at TEMP = 27.000000 and TNOM = 27.000000

Using SPARSE 1.3 as Direct Linear Solver

Initial Transient Solution
--------------------------

Node                                   Voltage
----                                   -------
vdd                                        1.8
vin                                          0
va                                           0
rfin                                         0
rfout                                        0
xa.outn                                    1.8
xa.vb2                                 1.64791
xa.casc                               0.823233
xa.xq2.s1                          1.98926e-09
xa.xq2.t                                5.3871
xa.b1                                 0.825459
xa.e1                                        0
xa.xq1.s1                          9.12306e-10
xa.xq1.t                               4.54411
xa.bref                               0.826209
xa.xq3.s1                          3.25241e-10
xa.xq3.t                               3.70653
l.xa.lc#branch                      0.00315551
l.xa.le#branch                      0.00316006
vt2#branch                                   0
vt1#branch                                   0
vdd#branch                         -0.00370506

 Reference value :  1.00000e-06 Reference value :  1.02593e-06 Reference value :  1.05163e-06 Reference value :  1.07738e-06 Reference value :  1.10338e-06 Reference value :  1.12916e-06 Reference value :  1.15563e-06 Reference value :  1.18138e-06 Reference value :  1.20713e-06 Reference value :  1.23268e-06 Reference value :  1.25865e-06
No. of Data Rows : 65536
NPTS 65536
DFT tone1 0.0018444 tone2 0.00184252 im3l 7.69794E-09 im3h 8.05319E-09 src1 0.000999621
FFT: Time span: 2.62144e-07 s, input length: 65536, zero padding: 0
FFT: Frequency resolution: 3.8147e+06 Hz, output length: 32769
FFTDF 3.8147E+06
FFT tone1 0.0018444 tone2 0.00184252 im3l 7.68901E-09 im3h 8.06443E-09 im5l 6.07404E-11 im5h 5.46071E-11 src1 0.000999621 src2 0.000999618
BENCH_COMPLETE
Note: Simulation executed from .control section 
