

The temperature limiting function received NaN.
Please check your power dissipation and improve your heat sink Rth!
    This message will be shown only once.

Note: Starting dynamic gmin stepping
Note: Dynamic gmin stepping completed
Note: Starting dynamic gmin stepping
Note: Dynamic gmin stepping completed

Note: Compatibility modes selected: hs a


Circuit: * sg13g2-lna -- two-tone transient iip3 bench (issue #18)

Doing analysis at TEMP = 125.000000 and TNOM = 27.000000

Using SPARSE 1.3 as Direct Linear Solver

No. of Data Rows : 1
OP ic1 0.00328826 ic2 0.00328071 vce1 0.89511 vce2 0.90489 idd 0.00386595
Doing analysis at TEMP = 125.000000 and TNOM = 27.000000

Using SPARSE 1.3 as Direct Linear Solver

Initial Transient Solution
--------------------------

Node                                   Voltage
----                                   -------
vdd                                        1.8
vin                                          0
va                                           0
rfin                                         0
rfout                                        0
xa.outn                                    1.8
xa.vb2                                 1.64308
xa.casc                                0.89511
xa.xq2.s1                          6.49868e-07
xa.xq2.t                               5.19612
xa.b1                                 0.748126
xa.e1                             -6.54103e-20
xa.xq1.s1                          6.46398e-07
xa.xq1.t                                5.1519
xa.bref                               0.750624
xa.xq3.s1                          4.68577e-08
xa.xq3.t                               3.58517
l.xa.lc#branch                      0.00328071
l.xa.le#branch                      0.00329583
vt2#branch                                   0
vt1#branch                                   0
vdd#branch                         -0.00386595

 Reference value :  1.00000e-06 Reference value :  1.02622e-06 Reference value :  1.05201e-06 Reference value :  1.07794e-06 Reference value :  1.10381e-06 Reference value :  1.13097e-06 Reference value :  1.15889e-06 Reference value :  1.18557e-06 Reference value :  1.21145e-06 Reference value :  1.23725e-06
No. of Data Rows : 65536
NPTS 65536
DFT tone1 0.00163684 tone2 0.00163577 im3l 6.11927E-09 im3h 5.81179E-09 src1 0.000999621
FFT: Time span: 2.62144e-07 s, input length: 65536, zero padding: 0
FFT: Frequency resolution: 3.8147e+06 Hz, output length: 32769
FFTDF 3.8147E+06
FFT tone1 0.00163684 tone2 0.00163577 im3l 6.10995E-09 im3h 5.82157E-09 im5l 4.48473E-11 im5h 6.52345E-11 src1 0.000999621 src2 0.000999618
BENCH_COMPLETE
Note: Simulation executed from .control section 
