
Note: Compatibility modes selected: hs a


Circuit: * sg13g2-lna -- two-tone transient iip3 bench (issue #18)

Doing analysis at TEMP = 27.000000 and TNOM = 27.000000

Using SPARSE 1.3 as Direct Linear Solver

No. of Data Rows : 1
OP ic1 0.00305568 ic2 0.00305159 vce1 0.813575 vce2 0.986425 idd 0.00359927
Doing analysis at TEMP = 27.000000 and TNOM = 27.000000

Using SPARSE 1.3 as Direct Linear Solver

Initial Transient Solution
--------------------------

Node                                   Voltage
----                                   -------
vdd                                        1.8
vin                                          0
va                                           0
rfin                                         0
rfout                                        0
xa.outn                                    1.8
xa.vb2                                 1.64625
xa.casc                               0.813575
xa.xq2.s1                          1.98487e-09
xa.xq2.t                               5.26424
xa.b1                                 0.833537
xa.e1                              1.73472e-18
xa.xq1.s1                          8.97111e-10
xa.xq1.t                               4.34863
xa.bref                               0.834881
xa.xq3.s1                          3.27094e-10
xa.xq3.t                                3.6948
l.xa.lc#branch                      0.00305159
l.xa.le#branch                      0.00305975
vt2#branch                                   0
vt1#branch                                   0
vdd#branch                         -0.00359927

 Reference value :  1.00000e-06 Reference value :  1.02616e-06 Reference value :  1.05162e-06 Reference value :  1.07765e-06 Reference value :  1.10353e-06 Reference value :  1.12907e-06 Reference value :  1.15489e-06 Reference value :  1.18059e-06 Reference value :  1.20823e-06 Reference value :  1.23399e-06 Reference value :  1.26026e-06
No. of Data Rows : 65536
NPTS 65536
DFT tone1 0.0141123 tone2 0.0140999 im3l 4.56152E-06 im3h 4.56101E-06 src1 0.00799696
FFT: Time span: 2.62144e-07 s, input length: 65536, zero padding: 0
FFT: Frequency resolution: 3.8147e+06 Hz, output length: 32769
FFTDF 3.8147E+06
FFT tone1 0.0141123 tone2 0.0140999 im3l 4.56145E-06 im3h 4.5611E-06 im5l 6.08654E-09 im5h 6.38552E-09 src1 0.00799696 src2 0.00799695
BENCH_COMPLETE
Note: Simulation executed from .control section 
