
Note: Compatibility modes selected: hs a


Circuit: * sg13g2-lna -- two-tone transient iip3 bench (issue #18)

Doing analysis at TEMP = -40.000000 and TNOM = 27.000000

Using SPARSE 1.3 as Direct Linear Solver

No. of Data Rows : 1
OP ic1 0.00353942 ic2 0.00353685 vce1 0.920195 vce2 1.0598 idd 0.00414745
Doing analysis at TEMP = -40.000000 and TNOM = 27.000000

Using SPARSE 1.3 as Direct Linear Solver

Initial Transient Solution
--------------------------

Node                                   Voltage
----                                   -------
vdd                                       1.98
vin                                          0
va                                           0
rfin                                         0
rfout                                        0
xa.outn                                   1.98
xa.vb2                                 1.81264
xa.casc                               0.920195
xa.xq2.s1                          2.15407e-09
xa.xq2.t                               6.55173
xa.b1                                 0.893202
xa.e1                             -1.73472e-18
xa.xq1.s1                           9.8829e-10
xa.xq1.t                                5.6933
xa.bref                               0.894047
xa.xq3.s1                          3.48969e-10
xa.xq3.t                               4.47256
l.xa.lc#branch                      0.00353685
l.xa.le#branch                      0.00354198
vt2#branch                                   0
vt1#branch                                   0
vdd#branch                         -0.00414745

 Reference value :  1.00000e-06 Reference value :  1.02604e-06 Reference value :  1.05183e-06 Reference value :  1.07751e-06 Reference value :  1.10407e-06 Reference value :  1.12994e-06 Reference value :  1.15636e-06 Reference value :  1.18392e-06 Reference value :  1.20970e-06 Reference value :  1.23548e-06 Reference value :  1.26137e-06
No. of Data Rows : 65536
NPTS 65536
DFT tone1 0.00193446 tone2 0.00193212 im3l 8.62999E-09 im3h 8.64799E-09 src1 0.000999621
FFT: Time span: 2.62144e-07 s, input length: 65536, zero padding: 0
FFT: Frequency resolution: 3.8147e+06 Hz, output length: 32769
FFTDF 3.8147E+06
FFT tone1 0.00193446 tone2 0.00193212 im3l 8.62391E-09 im3h 8.659E-09 im5l 4.68226E-11 im5h 6.49198E-11 src1 0.000999621 src2 0.000999618
BENCH_COMPLETE
Note: Simulation executed from .control section 
