
Note: Compatibility modes selected: hs a


Circuit: * sg13g2-lna -- two-tone transient iip3 bench (issue #18)

Doing analysis at TEMP = 27.000000 and TNOM = 27.000000

Using SPARSE 1.3 as Direct Linear Solver

No. of Data Rows : 1
OP ic1 0.00238069 ic2 0.00237519 vce1 0.645725 vce2 0.974275 idd 0.00283469
Doing analysis at TEMP = 27.000000 and TNOM = 27.000000

Using SPARSE 1.3 as Direct Linear Solver

Initial Transient Solution
--------------------------

Node                                   Voltage
----                                   -------
vdd                                       1.62
vin                                          0
va                                           0
rfin                                         0
rfout                                        0
xa.outn                                   1.62
xa.vb2                                 1.47995
xa.casc                               0.645725
xa.xq2.s1                          1.78467e-09
xa.xq2.t                               4.05059
xa.b1                                 0.835521
xa.e1                                        0
xa.xq1.s1                           7.0985e-10
xa.xq1.t                               2.69351
xa.bref                               0.837328
xa.xq3.s1                          3.28187e-10
xa.xq3.t                               2.98448
l.xa.lc#branch                      0.00237519
l.xa.le#branch                      0.00238617
vt2#branch                                   0
vt1#branch                                   0
vdd#branch                         -0.00283469

 Reference value :  1.00000e-06 Reference value :  1.02581e-06 Reference value :  1.05306e-06 Reference value :  1.07963e-06 Reference value :  1.10647e-06 Reference value :  1.13316e-06 Reference value :  1.15964e-06 Reference value :  1.18683e-06 Reference value :  1.21470e-06 Reference value :  1.24175e-06
No. of Data Rows : 65536
NPTS 65536
DFT tone1 0.00314738 tone2 0.00314567 im3l 9.67688E-08 im3h 9.36359E-08 src1 0.00199924
FFT: Time span: 2.62144e-07 s, input length: 65536, zero padding: 0
FFT: Frequency resolution: 3.8147e+06 Hz, output length: 32769
FFTDF 3.8147E+06
FFT tone1 0.00314738 tone2 0.00314567 im3l 9.67518E-08 im3h 9.3655E-08 im5l 1.07421E-10 im5h 1.12978E-10 src1 0.00199924 src2 0.00199924
BENCH_COMPLETE
Note: Simulation executed from .control section 
