
Note: Compatibility modes selected: hs a


Circuit: * sg13g2-lna -- two-tone transient iip3 bench (issue #18)

Doing analysis at TEMP = 27.000000 and TNOM = 27.000000

Using SPARSE 1.3 as Direct Linear Solver

No. of Data Rows : 1
OP ic1 0.00380741 ic2 0.00380458 vce1 0.981376 vce2 0.998624 idd 0.0044407
Doing analysis at TEMP = 27.000000 and TNOM = 27.000000

Using SPARSE 1.3 as Direct Linear Solver

Initial Transient Solution
--------------------------

Node                                   Voltage
----                                   -------
vdd                                       1.98
vin                                          0
va                                           0
rfin                                         0
rfout                                        0
xa.outn                                   1.98
xa.vb2                                 1.81241
xa.casc                               0.981376
xa.xq2.s1                          2.18776e-09
xa.xq2.t                               6.64098
xa.b1                                 0.831161
xa.e1                                        0
xa.xq1.s1                          1.08887e-09
xa.xq1.t                               6.53119
xa.bref                               0.832094
xa.xq3.s1                          3.26541e-10
xa.xq3.t                               4.39899
l.xa.lc#branch                      0.00380458
l.xa.le#branch                      0.00381023
vt2#branch                                   0
vt1#branch                                   0
vdd#branch                          -0.0044407

 Reference value :  1.00000e-06 Reference value :  1.02579e-06 Reference value :  1.05134e-06 Reference value :  1.07729e-06 Reference value :  1.10332e-06 Reference value :  1.12891e-06 Reference value :  1.15410e-06 Reference value :  1.17967e-06 Reference value :  1.20579e-06 Reference value :  1.23128e-06 Reference value :  1.25682e-06
No. of Data Rows : 65536
NPTS 65536
DFT tone1 0.00192784 tone2 0.00192554 im3l 5.70907E-09 im3h 5.9561E-09 src1 0.000999621
FFT: Time span: 2.62144e-07 s, input length: 65536, zero padding: 0
FFT: Frequency resolution: 3.8147e+06 Hz, output length: 32769
FFTDF 3.8147E+06
FFT tone1 0.00192784 tone2 0.00192554 im3l 5.70123E-09 im3h 5.96777E-09 im5l 5.37382E-11 im5h 7.14984E-11 src1 0.000999621 src2 0.000999618
BENCH_COMPLETE
Note: Simulation executed from .control section 
