
Note: Compatibility modes selected: hs a


Circuit: * sg13g2-lna -- two-tone transient iip3 bench (issue #18)

Doing analysis at TEMP = -40.000000 and TNOM = 27.000000

Using SPARSE 1.3 as Direct Linear Solver

No. of Data Rows : 1
OP ic1 0.00231991 ic2 0.0023183 vce1 0.603639 vce2 1.01636 idd 0.00275603
Doing analysis at TEMP = -40.000000 and TNOM = 27.000000

Using SPARSE 1.3 as Direct Linear Solver

Initial Transient Solution
--------------------------

Node                                   Voltage
----                                   -------
vdd                                       1.62
vin                                          0
va                                           0
rfin                                         0
rfout                                        0
xa.outn                                   1.62
xa.vb2                                 1.48353
xa.casc                               0.603639
xa.xq2.s1                          1.76636e-09
xa.xq2.t                               4.11859
xa.b1                                 0.881397
xa.e1                                        0
xa.xq1.s1                          6.48374e-10
xa.xq1.t                               2.44878
xa.bref                               0.881921
xa.xq3.s1                          3.46895e-10
xa.xq3.t                               3.00013
l.xa.lc#branch                       0.0023183
l.xa.le#branch                      0.00232149
vt2#branch                                   0
vt1#branch                                   0
vdd#branch                         -0.00275603

 Reference value :  1.00000e-06 Reference value :  1.02972e-06 Reference value :  1.05733e-06 Reference value :  1.08644e-06 Reference value :  1.11451e-06 Reference value :  1.14225e-06 Reference value :  1.17012e-06 Reference value :  1.19925e-06 Reference value :  1.22537e-06 Reference value :  1.25133e-06
No. of Data Rows : 65536
NPTS 65536
DFT tone1 0.00351875 tone2 0.00351574 im3l 1.29689E-07 im3h 1.31133E-07 src1 0.00199924
FFT: Time span: 2.62144e-07 s, input length: 65536, zero padding: 0
FFT: Frequency resolution: 3.8147e+06 Hz, output length: 32769
FFTDF 3.8147E+06
FFT tone1 0.00351875 tone2 0.00351574 im3l 1.29673E-07 im3h 1.31154E-07 im5l 8.18553E-11 im5h 1.31605E-10 src1 0.00199924 src2 0.00199924
BENCH_COMPLETE
Note: Simulation executed from .control section 
