
Note: Compatibility modes selected: hs a


Circuit: * sg13g2-lna -- two-tone transient iip3 bench (issue #18)

Doing analysis at TEMP = -40.000000 and TNOM = 27.000000

Using SPARSE 1.3 as Direct Linear Solver

No. of Data Rows : 1
OP ic1 0.00297707 ic2 0.00297593 vce1 0.769771 vce2 1.03023 idd 0.00350217
Doing analysis at TEMP = -40.000000 and TNOM = 27.000000

Using SPARSE 1.3 as Direct Linear Solver

Initial Transient Solution
--------------------------

Node                                   Voltage
----                                   -------
vdd                                        1.8
vin                                          0
va                                           0
rfin                                         0
rfout                                        0
xa.outn                                    1.8
xa.vb2                                 1.64896
xa.casc                               0.769771
xa.xq2.s1                          1.96411e-09
xa.xq2.t                                5.3575
xa.b1                                  0.88039
xa.e1                                        0
xa.xq1.s1                          8.30879e-10
xa.xq1.t                                 4.005
xa.bref                               0.880762
xa.xq3.s1                          3.46507e-10
xa.xq3.t                               3.74008
l.xa.lc#branch                      0.00297593
l.xa.le#branch                      0.00297819
vt2#branch                                   0
vt1#branch                                   0
vdd#branch                         -0.00350217

 Reference value :  1.00000e-06 Reference value :  1.02598e-06 Reference value :  1.05208e-06 Reference value :  1.07801e-06 Reference value :  1.10427e-06 Reference value :  1.13019e-06 Reference value :  1.15621e-06 Reference value :  1.18234e-06 Reference value :  1.20842e-06 Reference value :  1.23422e-06 Reference value :  1.26025e-06
No. of Data Rows : 65536
NPTS 65536
DFT tone1 0.00387765 tone2 0.00387297 im3l 8.31584E-08 im3h 8.64156E-08 src1 0.00199924
FFT: Time span: 2.62144e-07 s, input length: 65536, zero padding: 0
FFT: Frequency resolution: 3.8147e+06 Hz, output length: 32769
FFTDF 3.8147E+06
FFT tone1 0.00387765 tone2 0.00387297 im3l 8.3144E-08 im3h 8.64387E-08 im5l 1.21484E-10 im5h 1.07911E-10 src1 0.00199924 src2 0.00199924
BENCH_COMPLETE
Note: Simulation executed from .control section 
