

The temperature limiting function received NaN.
Please check your power dissipation and improve your heat sink Rth!
    This message will be shown only once.

Note: Starting dynamic gmin stepping
Note: Dynamic gmin stepping completed
Note: Starting dynamic gmin stepping
Note: Dynamic gmin stepping completed

Note: Compatibility modes selected: hs a


Circuit: * sg13g2-lna -- two-tone transient iip3 bench (issue #18)

Doing analysis at TEMP = 125.000000 and TNOM = 27.000000

Using SPARSE 1.3 as Direct Linear Solver

No. of Data Rows : 1
OP ic1 0.00272574 ic2 0.00271963 vce1 0.739936 vce2 0.880064 idd 0.00321852
Doing analysis at TEMP = 125.000000 and TNOM = 27.000000

Using SPARSE 1.3 as Direct Linear Solver

Initial Transient Solution
--------------------------

Node                                   Voltage
----                                   -------
vdd                                       1.62
vin                                          0
va                                           0
rfin                                         0
rfout                                        0
xa.outn                                   1.62
xa.vb2                                 1.47939
xa.casc                               0.739936
xa.xq2.s1                          5.95502e-07
xa.xq2.t                               4.18922
xa.b1                                 0.740189
xa.e1                              4.39402e-19
xa.xq1.s1                          5.61509e-07
xa.xq1.t                               3.53136
xa.bref                               0.742206
xa.xq3.s1                          4.43917e-08
xa.xq3.t                               2.96718
l.xa.lc#branch                      0.00271963
l.xa.le#branch                      0.00273186
vt2#branch                                   0
vt1#branch                                   0
vdd#branch                         -0.00321852

 Reference value :  1.00000e-06 Reference value :  1.02590e-06 Reference value :  1.05244e-06 Reference value :  1.07994e-06 Reference value :  1.10650e-06 Reference value :  1.13388e-06 Reference value :  1.16199e-06 Reference value :  1.18897e-06 Reference value :  1.21525e-06 Reference value :  1.24132e-06
No. of Data Rows : 65536
NPTS 65536
DFT tone1 0.00152442 tone2 0.00152373 im3l 7.39873E-09 im3h 6.96205E-09 src1 0.000999621
FFT: Time span: 2.62144e-07 s, input length: 65536, zero padding: 0
FFT: Frequency resolution: 3.8147e+06 Hz, output length: 32769
FFTDF 3.8147E+06
FFT tone1 0.00152442 tone2 0.00152373 im3l 7.38956E-09 im3h 6.97034E-09 im5l 3.90807E-11 im5h 6.6225E-11 src1 0.000999621 src2 0.000999618
BENCH_COMPLETE
Note: Simulation executed from .control section 
