

The temperature limiting function received NaN.
Please check your power dissipation and improve your heat sink Rth!
    This message will be shown only once.

Note: Starting dynamic gmin stepping
Note: Dynamic gmin stepping completed
Note: Starting dynamic gmin stepping
Note: Dynamic gmin stepping completed

Note: Compatibility modes selected: hs a


Circuit: * sg13g2-lna -- two-tone transient iip3 bench (issue #18)

Doing analysis at TEMP = 125.000000 and TNOM = 27.000000

Using SPARSE 1.3 as Direct Linear Solver

No. of Data Rows : 1
OP ic1 0.00387563 ic2 0.00386651 vce1 1.05095 vce2 0.929053 idd 0.00453861
Doing analysis at TEMP = 125.000000 and TNOM = 27.000000

Using SPARSE 1.3 as Direct Linear Solver

Initial Transient Solution
--------------------------

Node                                   Voltage
----                                   -------
vdd                                       1.98
vin                                          0
va                                           0
rfin                                         0
rfout                                        0
xa.outn                                   1.98
xa.vb2                                 1.80663
xa.casc                                1.05095
xa.xq2.s1                          7.14079e-07
xa.xq2.t                               6.28756
xa.b1                                  0.75506
xa.e1                              1.63413e-19
xa.xq1.s1                          7.66389e-07
xa.xq1.t                               7.12774
xa.bref                                0.75809
xa.xq3.s1                           4.9496e-08
xa.xq3.t                               4.21299
l.xa.lc#branch                      0.00386651
l.xa.le#branch                      0.00388482
vt2#branch                                   0
vt1#branch                                   0
vdd#branch                         -0.00453861

 Reference value :  1.00000e-06 Reference value :  1.02532e-06 Reference value :  1.05118e-06 Reference value :  1.07733e-06 Reference value :  1.10291e-06 Reference value :  1.12852e-06 Reference value :  1.15427e-06 Reference value :  1.17998e-06 Reference value :  1.20610e-06 Reference value :  1.23174e-06 Reference value :  1.25775e-06
No. of Data Rows : 65536
NPTS 65536
DFT tone1 0.00344977 tone2 0.00344695 im3l 3.99161E-08 im3h 3.82271E-08 src1 0.00199924
FFT: Time span: 2.62144e-07 s, input length: 65536, zero padding: 0
FFT: Frequency resolution: 3.8147e+06 Hz, output length: 32769
FFTDF 3.8147E+06
FFT tone1 0.00344977 tone2 0.00344695 im3l 3.98981E-08 im3h 3.82481E-08 im5l 1.08962E-10 im5h 1.08671E-10 src1 0.00199924 src2 0.00199924
BENCH_COMPLETE
Note: Simulation executed from .control section 
