
Note: Compatibility modes selected: hs a


Circuit: * sg13g2-lna -- two-tone transient iip3 bench (issue #18)

Doing analysis at TEMP = -40.000000 and TNOM = 27.000000

Using SPARSE 1.3 as Direct Linear Solver

No. of Data Rows : 1
OP ic1 0.00291078 ic2 0.00290872 vce1 0.761672 vce2 1.03833 idd 0.00343271
Doing analysis at TEMP = -40.000000 and TNOM = 27.000000

Using SPARSE 1.3 as Direct Linear Solver

Initial Transient Solution
--------------------------

Node                                   Voltage
----                                   -------
vdd                                        1.8
vin                                          0
va                                           0
rfin                                         0
rfout                                        0
xa.outn                                    1.8
xa.vb2                                 1.64811
xa.casc                               0.761672
xa.xq2.s1                          1.96035e-09
xa.xq2.t                               5.27859
xa.b1                                 0.887679
xa.e1                                        0
xa.xq1.s1                            8.182e-10
xa.xq1.t                               3.87569
xa.bref                               0.888353
xa.xq3.s1                          3.48083e-10
xa.xq3.t                               3.73185
l.xa.lc#branch                      0.00290872
l.xa.le#branch                      0.00291283
vt2#branch                                   0
vt1#branch                                   0
vdd#branch                         -0.00343271

 Reference value :  1.00000e-06 Reference value :  1.02559e-06 Reference value :  1.05151e-06 Reference value :  1.07774e-06 Reference value :  1.10409e-06 Reference value :  1.12995e-06 Reference value :  1.15622e-06 Reference value :  1.18217e-06 Reference value :  1.20796e-06 Reference value :  1.23444e-06 Reference value :  1.26073e-06
No. of Data Rows : 65536
NPTS 65536
DFT tone1 0.0018617 tone2 0.00185973 im3l 1.19137E-08 im3h 1.2002E-08 src1 0.000999621
FFT: Time span: 2.62144e-07 s, input length: 65536, zero padding: 0
FFT: Frequency resolution: 3.8147e+06 Hz, output length: 32769
FFTDF 3.8147E+06
FFT tone1 0.0018617 tone2 0.00185973 im3l 1.19068E-08 im3h 1.2013E-08 im5l 6.35277E-11 im5h 5.23452E-11 src1 0.000999621 src2 0.000999618
BENCH_COMPLETE
Note: Simulation executed from .control section 
