
Note: Compatibility modes selected: hs a


Circuit: * sg13g2-lna -- two-tone transient iip3 bench (issue #18)

Doing analysis at TEMP = -40.000000 and TNOM = 27.000000

Using SPARSE 1.3 as Direct Linear Solver

No. of Data Rows : 1
OP ic1 0.00282687 ic2 0.00282333 vce1 0.751977 vce2 1.04802 idd 0.00334505
Doing analysis at TEMP = -40.000000 and TNOM = 27.000000

Using SPARSE 1.3 as Direct Linear Solver

Initial Transient Solution
--------------------------

Node                                   Voltage
----                                   -------
vdd                                        1.8
vin                                          0
va                                           0
rfin                                         0
rfout                                        0
xa.outn                                    1.8
xa.vb2                                 1.64676
xa.casc                               0.751977
xa.xq2.s1                          1.95692e-09
xa.xq2.t                               5.17426
xa.b1                                 0.896065
xa.e1                              1.73472e-18
xa.xq1.s1                            8.041e-10
xa.xq1.t                               3.71877
xa.bref                               0.897218
xa.xq3.s1                           3.5023e-10
xa.xq3.t                               3.71743
l.xa.lc#branch                      0.00282333
l.xa.le#branch                      0.00283036
vt2#branch                                   0
vt1#branch                                   0
vdd#branch                         -0.00334505

 Reference value :  1.00000e-06 Reference value :  1.02551e-06 Reference value :  1.05127e-06 Reference value :  1.07687e-06 Reference value :  1.10256e-06 Reference value :  1.12905e-06 Reference value :  1.15523e-06 Reference value :  1.18117e-06 Reference value :  1.20741e-06 Reference value :  1.23320e-06 Reference value :  1.25896e-06
No. of Data Rows : 65536
NPTS 65536
DFT tone1 0.00356274 tone2 0.00355948 im3l 1.01018E-07 im3h 1.00613E-07 src1 0.00199924
FFT: Time span: 2.62144e-07 s, input length: 65536, zero padding: 0
FFT: Frequency resolution: 3.8147e+06 Hz, output length: 32769
FFTDF 3.8147E+06
FFT tone1 0.00356274 tone2 0.00355948 im3l 1.01004E-07 im3h 1.00634E-07 im5l 1.0795E-10 im5h 1.0538E-10 src1 0.00199924 src2 0.00199924
BENCH_COMPLETE
Note: Simulation executed from .control section 
