
Note: Compatibility modes selected: hs a


Circuit: * sg13g2-lna -- matched-circuit s-parameter / nf / stability bench (issue #18)

Doing analysis at TEMP = -40.000000 and TNOM = 27.000000

Using SPARSE 1.3 as Direct Linear Solver

No. of Data Rows : 1
OP ic1 0.00291078 ic2 0.00290872 ib1 2.04121E-06 vce1 0.761672 vce2 1.03833 vbe1 0.887679 idd 0.00343271 pdc 0.00617888
Doing analysis at TEMP = -40.000000 and TNOM = 27.000000

Using SPARSE 1.3 as Direct Linear Solver

No. of Data Rows : 11
INBAND_DAT_WRITTEN /Users/rwalters/GitHub/sg13g2-lna/.loom/worktrees/issue-26/sim/lna-characterization/corners/20260921-131646-d6da30a/sp_fs_-40c_vdd1.80v.inband.dat
Doing analysis at TEMP = -40.000000 and TNOM = 27.000000

Using SPARSE 1.3 as Direct Linear Solver

No. of Data Rows : 140
STAB_DAT_WRITTEN /Users/rwalters/GitHub/sg13g2-lna/.loom/worktrees/issue-26/sim/lna-characterization/corners/20260921-131646-d6da30a/sp_fs_-40c_vdd1.80v.stability.dat
Doing analysis at TEMP = -40.000000 and TNOM = 27.000000

Using SPARSE 1.3 as Direct Linear Solver

No. of Data Rows : 1
GAIN lo 11.481
Doing analysis at TEMP = -40.000000 and TNOM = 27.000000

Using SPARSE 1.3 as Direct Linear Solver

No. of Data Rows : 1
NF lo 2.21922 2.16006
Doing analysis at TEMP = -40.000000 and TNOM = 27.000000

Using SPARSE 1.3 as Direct Linear Solver

No. of Data Rows : 1
GAIN mid 11.4315
Doing analysis at TEMP = -40.000000 and TNOM = 27.000000

Using SPARSE 1.3 as Direct Linear Solver

No. of Data Rows : 1
NF mid 2.21883 2.15968
Doing analysis at TEMP = -40.000000 and TNOM = 27.000000

Using SPARSE 1.3 as Direct Linear Solver

No. of Data Rows : 1
GAIN hi 11.3807
Doing analysis at TEMP = -40.000000 and TNOM = 27.000000

Using SPARSE 1.3 as Direct Linear Solver

No. of Data Rows : 1
NF hi 2.21843 2.15928
BENCH_COMPLETE
Note: Simulation executed from .control section 
