

The temperature limiting function received NaN.
Please check your power dissipation and improve your heat sink Rth!
    This message will be shown only once.

Note: Starting dynamic gmin stepping
Note: Dynamic gmin stepping completed

Note: Compatibility modes selected: hs a


Circuit: * sg13g2-lna -- supply-ramp startup / latch check of the q1 bias generator

Doing analysis at TEMP = 125.000000 and TNOM = 27.000000

Using SPARSE 1.3 as Direct Linear Solver

Initial Transient Solution
--------------------------

Node                                   Voltage
----                                   -------
vdd                                          0
vss                                          0
rfin                                         0
rfout                                        0
xdut.outn                                    0
xdut.vb2                                     0
xdut.casc                                    0
xdut.xq2.s1                                  0
xdut.xq2.t                                   0
xdut.b1                                      0
xdut.e1                                      0
xdut.xq1.s1                                  0
xdut.xq1.t                                   0
xdut.bref                                    0
xdut.xq3.s1                                  0
xdut.xq3.t                                   0
l.xdut.lc#branch                             0
l.xdut.le#branch                             0
vssa#branch                                  0
vdda#branch                                  0


No. of Data Rows : 257
STARTUP ic1_end 0.00408241 ic1_s2 0.00408241 ic1_s3 0.00408241
BENCH_COMPLETE
ngspice-46 done
