
Note: Compatibility modes selected: hs a


Circuit: * sg13g2-lna -- supply-ramp startup / latch check of the q1 bias generator

Doing analysis at TEMP = -40.000000 and TNOM = 27.000000

Using SPARSE 1.3 as Direct Linear Solver

Initial Transient Solution
--------------------------

Node                                   Voltage
----                                   -------
vdd                                          0
vss                                          0
rfin                                         0
rfout                                        0
xdut.outn                                    0
xdut.vb2                          -2.03585e-31
xdut.casc                         -2.01458e-22
xdut.xq2.s1                       -9.12173e-34
xdut.xq2.t                         1.56002e-33
xdut.b1                            1.87506e-30
xdut.e1                           -1.53817e-58
xdut.xq1.s1                        -3.8088e-31
xdut.xq1.t                         2.43996e-36
xdut.bref                          1.65639e-30
xdut.xq3.s1                       -3.54393e-33
xdut.xq3.t                         1.35249e-29
l.xdut.lc#branch                   9.12957e-35
l.xdut.le#branch                  -2.13989e-36
vssa#branch                       -3.81192e-34
vdda#branch                        3.81198e-34


No. of Data Rows : 258
STARTUP ic1_end 0.00225967 ic1_s2 0.00225966 ic1_s3 0.0022597
BENCH_COMPLETE
ngspice-46 done
