

The temperature limiting function received NaN.
Please check your power dissipation and improve your heat sink Rth!
    This message will be shown only once.

Note: Starting dynamic gmin stepping
Note: Dynamic gmin stepping completed
Note: Starting dynamic gmin stepping
Note: Dynamic gmin stepping completed

Note: Compatibility modes selected: hs a


Circuit: * sg13g2-lna -- two-tone transient iip3 bench (issue #18)

Doing analysis at TEMP = 125.000000 and TNOM = 27.000000

Using SPARSE 1.3 as Direct Linear Solver

No. of Data Rows : 1
OP ic1 0.00323895 ic2 0.00323153 vce1 0.730856 vce2 0.889144 idd 0.00345557
Doing analysis at TEMP = 125.000000 and TNOM = 27.000000

Using SPARSE 1.3 as Direct Linear Solver

Initial Transient Solution
--------------------------

Node                                   Voltage
----                                   -------
vdd                                       1.62
vin                                          0
va                                           0
rfin                                         0
rfout                                        0
xa.outn                                   1.62
xa.vb2                                  1.4782
xa.casc                               0.730856
xa.xq2.s1                          6.40382e-07
xa.xq2.t                                5.0293
xa.b1                                 0.748273
xa.e1                              2.02193e-18
xa.xq1.s1                          5.92271e-07
xa.xq1.t                               4.14517
l.xa.lc#branch                      0.00323153
l.xa.le#branch                      0.00324636
vt2#branch                                   0
vt1#branch                                   0
vdd#branch                         -0.00345557

 Reference value :  1.00000e-06 Reference value :  1.06079e-06 Reference value :  1.12234e-06 Reference value :  1.18421e-06 Reference value :  1.24611e-06
No. of Data Rows : 65536
NPTS 65536
DFT tone1 0.00185216 tone2 0.00185096 im3l 9.58702E-09 im3h 8.41746E-09 src1 0.000999621
FFT: Time span: 2.62144e-07 s, input length: 65536, zero padding: 0
FFT: Frequency resolution: 3.8147e+06 Hz, output length: 32769
FFTDF 3.8147E+06
FFT tone1 0.00185216 tone2 0.00185096 im3l 9.5763E-09 im3h 8.42861E-09 im5l 7.2549E-11 im5h 5.19177E-11 src1 0.000999621 src2 0.000999618
BENCH_COMPLETE
Note: Simulation executed from .control section 
