

The temperature limiting function received NaN.
Please check your power dissipation and improve your heat sink Rth!
    This message will be shown only once.

Note: Starting dynamic gmin stepping
Note: Dynamic gmin stepping completed
Note: Starting dynamic gmin stepping
Note: Dynamic gmin stepping completed

Note: Compatibility modes selected: hs a


Circuit: * sg13g2-lna -- two-tone transient iip3 bench (issue #18)

Doing analysis at TEMP = 125.000000 and TNOM = 27.000000

Using SPARSE 1.3 as Direct Linear Solver

No. of Data Rows : 1
OP ic1 0.00660844 ic2 0.00657736 vce1 0.986523 vce2 0.993477 idd 0.00688214
Doing analysis at TEMP = 125.000000 and TNOM = 27.000000

Using SPARSE 1.3 as Direct Linear Solver

Initial Transient Solution
--------------------------

Node                                   Voltage
----                                   -------
vdd                                       1.98
vin                                          0
va                                           0
rfin                                         0
rfout                                        0
xa.outn                                   1.98
xa.vb2                                 1.78651
xa.casc                               0.986523
xa.xq2.s1                          1.10818e-06
xa.xq2.t                               11.4591
xa.b1                                 0.800352
xa.e1                              2.22958e-17
xa.xq1.s1                          1.10466e-06
xa.xq1.t                                11.433
l.xa.lc#branch                      0.00657736
l.xa.le#branch                      0.00663969
vt2#branch                                   0
vt1#branch                                   0
vdd#branch                         -0.00688214

 Reference value :  1.00000e-06 Reference value :  1.04587e-06 Reference value :  1.09160e-06 Reference value :  1.13667e-06 Reference value :  1.18187e-06 Reference value :  1.22714e-06
No. of Data Rows : 65536
NPTS 65536
DFT tone1 0.00213274 tone2 0.00213026 im3l 4.02892E-09 im3h 3.6104E-09 src1 0.000999621
FFT: Time span: 2.62144e-07 s, input length: 65536, zero padding: 0
FFT: Frequency resolution: 3.8147e+06 Hz, output length: 32769
FFTDF 3.8147E+06
FFT tone1 0.00213274 tone2 0.00213026 im3l 4.01987E-09 im3h 3.62103E-09 im5l 3.87138E-11 im5h 8.804E-11 src1 0.000999621 src2 0.000999618
BENCH_COMPLETE
Note: Simulation executed from .control section 
