
Note: Compatibility modes selected: hs a


Circuit: * sg13g2-lna -- two-tone transient iip3 bench (issue #18)

Doing analysis at TEMP = 27.000000 and TNOM = 27.000000

Using SPARSE 1.3 as Direct Linear Solver

No. of Data Rows : 1
OP ic1 0.00904615 ic2 0.00903059 vce1 0.920461 vce2 1.05954 idd 0.00931343
Doing analysis at TEMP = 27.000000 and TNOM = 27.000000

Using SPARSE 1.3 as Direct Linear Solver

Initial Transient Solution
--------------------------

Node                                   Voltage
----                                   -------
vdd                                       1.98
vin                                          0
va                                           0
rfin                                         0
rfout                                        0
xa.outn                                   1.98
xa.vb2                                 1.80074
xa.casc                               0.920461
xa.xq2.s1                          2.21163e-09
xa.xq2.t                               16.7398
xa.b1                                 0.882088
xa.e1                             -2.82018e-18
xa.xq1.s1                          1.02456e-09
xa.xq1.t                               14.5706
l.xa.lc#branch                      0.00903059
l.xa.le#branch                      0.00906152
vt2#branch                                   0
vt1#branch                                   0
vdd#branch                         -0.00931343

 Reference value :  1.00000e-06 Reference value :  1.05399e-06 Reference value :  1.10800e-06 Reference value :  1.16149e-06 Reference value :  1.21613e-06
No. of Data Rows : 65536
NPTS 65536
DFT tone1 0.00478669 tone2 0.00477903 im3l 1.66562E-08 im3h 1.59401E-08 src1 0.00199924
FFT: Time span: 2.62144e-07 s, input length: 65536, zero padding: 0
FFT: Frequency resolution: 3.8147e+06 Hz, output length: 32769
FFTDF 3.8147E+06
FFT tone1 0.00478669 tone2 0.00477903 im3l 1.66451E-08 im3h 1.59614E-08 im5l 1.72957E-10 im5h 2.39938E-10 src1 0.00199924 src2 0.00199924
BENCH_COMPLETE
Note: Simulation executed from .control section 
