
Note: Compatibility modes selected: hs a


Circuit: * sg13g2-lna -- two-tone transient iip3 bench (issue #18)

Doing analysis at TEMP = 27.000000 and TNOM = 27.000000

Using SPARSE 1.3 as Direct Linear Solver

No. of Data Rows : 1
OP ic1 0.000439145 ic2 0.000438167 vce1 0.702991 vce2 0.917009 idd 0.00065318
Doing analysis at TEMP = 27.000000 and TNOM = 27.000000

Using SPARSE 1.3 as Direct Linear Solver

Initial Transient Solution
--------------------------

Node                                   Voltage
----                                   -------
vdd                                       1.62
vin                                          0
va                                           0
rfin                                         0
rfout                                        0
xa.outn                                   1.62
xa.vb2                                  1.4841
xa.casc                               0.702991
xa.xq2.s1                          1.79402e-09
xa.xq2.t                              0.703281
xa.b1                                 0.781367
xa.e1                             -2.42861e-19
xa.xq1.s1                           7.8501e-10
xa.xq1.t                               0.54066
l.xa.lc#branch                     0.000438167
l.xa.le#branch                     0.000440125
vt2#branch                                   0
vt1#branch                                   0
vdd#branch                         -0.00065318

 Reference value :  1.00000e-06 Reference value :  1.06223e-06 Reference value :  1.12472e-06 Reference value :  1.18637e-06 Reference value :  1.24869e-06
No. of Data Rows : 65536
NPTS 65536
DFT tone1 0.00122687 tone2 0.00122777 im3l 3.82872E-07 im3h 3.7994E-07 src1 0.00199924
FFT: Time span: 2.62144e-07 s, input length: 65536, zero padding: 0
FFT: Frequency resolution: 3.8147e+06 Hz, output length: 32769
FFTDF 3.8147E+06
FFT tone1 0.00122687 tone2 0.00122777 im3l 3.82876E-07 im3h 3.79933E-07 im5l 5.25459E-10 im5h 4.47601E-10 src1 0.00199924 src2 0.00199924
BENCH_COMPLETE
Note: Simulation executed from .control section 
