
Note: Compatibility modes selected: hs a


Circuit: * sg13g2-lna -- two-tone transient iip3 bench (issue #18)

Doing analysis at TEMP = -40.000000 and TNOM = 27.000000

Using SPARSE 1.3 as Direct Linear Solver

No. of Data Rows : 1
OP ic1 0.00202466 ic2 0.00202391 vce1 0.780147 vce2 1.01985 idd 0.00226234
Doing analysis at TEMP = -40.000000 and TNOM = 27.000000

Using SPARSE 1.3 as Direct Linear Solver

Initial Transient Solution
--------------------------

Node                                   Voltage
----                                   -------
vdd                                        1.8
vin                                          0
va                                           0
rfin                                         0
rfout                                        0
xa.outn                                    1.8
xa.vb2                                 1.64932
xa.casc                               0.780147
xa.xq2.s1                          1.96922e-09
xa.xq2.t                               3.60666
xa.b1                                 0.869959
xa.e1                              -1.3678e-18
xa.xq1.s1                          8.47384e-10
xa.xq1.t                               2.76023
l.xa.lc#branch                      0.00202391
l.xa.le#branch                       0.0020254
vt2#branch                                   0
vt1#branch                                   0
vdd#branch                         -0.00226234

 Reference value :  1.00000e-06 Reference value :  1.05763e-06 Reference value :  1.11490e-06 Reference value :  1.17178e-06 Reference value :  1.22841e-06
No. of Data Rows : 65536
NPTS 65536
DFT tone1 0.00398317 tone2 0.00397985 im3l 1.8916E-07 im3h 2.04344E-07 src1 0.00199924
FFT: Time span: 2.62144e-07 s, input length: 65536, zero padding: 0
FFT: Frequency resolution: 3.8147e+06 Hz, output length: 32769
FFTDF 3.8147E+06
FFT tone1 0.00398317 tone2 0.00397985 im3l 1.89138E-07 im3h 2.04368E-07 im5l 2.97677E-10 im5h 9.30318E-11 src1 0.00199924 src2 0.00199924
BENCH_COMPLETE
Note: Simulation executed from .control section 
