
Note: Compatibility modes selected: hs a


Circuit: * sg13g2-lna -- two-tone transient iip3 bench (issue #18)

Doing analysis at TEMP = 27.000000 and TNOM = 27.000000

Using SPARSE 1.3 as Direct Linear Solver

No. of Data Rows : 1
OP ic1 0.00275806 ic2 0.00275159 vce1 0.804384 vce2 0.995616 idd 0.00299803
Doing analysis at TEMP = 27.000000 and TNOM = 27.000000

Using SPARSE 1.3 as Direct Linear Solver

Initial Transient Solution
--------------------------

Node                                   Voltage
----                                   -------
vdd                                        1.8
vin                                          0
va                                           0
rfin                                         0
rfout                                        0
xa.outn                                    1.8
xa.vb2                                 1.64406
xa.casc                               0.804384
xa.xq2.s1                          1.98148e-09
xa.xq2.t                               4.79543
xa.b1                                 0.840571
xa.e1                              -7.2372e-19
xa.xq1.s1                          8.83736e-10
xa.xq1.t                               3.88526
l.xa.lc#branch                      0.00275159
l.xa.le#branch                      0.00276452
vt2#branch                                   0
vt1#branch                                   0
vdd#branch                         -0.00299803

 Reference value :  1.00000e-06 Reference value :  1.05898e-06 Reference value :  1.11775e-06 Reference value :  1.17743e-06 Reference value :  1.23719e-06
No. of Data Rows : 65536
NPTS 65536
DFT tone1 0.00375421 tone2 0.00375163 im3l 1.21245E-07 im3h 1.14388E-07 src1 0.00199924
FFT: Time span: 2.62144e-07 s, input length: 65536, zero padding: 0
FFT: Frequency resolution: 3.8147e+06 Hz, output length: 32769
FFTDF 3.8147E+06
FFT tone1 0.00375421 tone2 0.00375163 im3l 1.21226E-07 im3h 1.14411E-07 im5l 2.2809E-10 im5h 9.16753E-12 src1 0.00199924 src2 0.00199924
BENCH_COMPLETE
Note: Simulation executed from .control section 
