
Note: Compatibility modes selected: hs a


Circuit: * sg13g2-lna -- two-tone transient iip3 bench (issue #18)

Doing analysis at TEMP = -40.000000 and TNOM = 27.000000

Using SPARSE 1.3 as Direct Linear Solver

No. of Data Rows : 1
OP ic1 0.0116136 ic2 0.0116072 vce1 0.883369 vce2 1.09663 idd 0.0118772
Doing analysis at TEMP = -40.000000 and TNOM = 27.000000

Using SPARSE 1.3 as Direct Linear Solver

Initial Transient Solution
--------------------------

Node                                   Voltage
----                                   -------
vdd                                       1.98
vin                                          0
va                                           0
rfin                                         0
rfout                                        0
xa.outn                                   1.98
xa.vb2                                 1.80907
xa.casc                               0.883369
xa.xq2.s1                          2.11503e-09
xa.xq2.t                               22.2468
xa.b1                                 0.929068
xa.e1                             -3.74526e-18
xa.xq1.s1                           9.0894e-10
xa.xq1.t                               17.9318
l.xa.lc#branch                       0.0116072
l.xa.le#branch                       0.0116199
vt2#branch                                   0
vt1#branch                                   0
vdd#branch                          -0.0118772

 Reference value :  1.00000e-06 Reference value :  1.05151e-06 Reference value :  1.10310e-06 Reference value :  1.15458e-06 Reference value :  1.20643e-06 Reference value :  1.25821e-06
No. of Data Rows : 65536
NPTS 65536
DFT tone1 0.00507854 tone2 0.00506912 im3l 8.23891E-09 im3h 8.13206E-09 src1 0.00199924
FFT: Time span: 2.62144e-07 s, input length: 65536, zero padding: 0
FFT: Frequency resolution: 3.8147e+06 Hz, output length: 32769
FFTDF 3.8147E+06
FFT tone1 0.00507854 tone2 0.00506912 im3l 8.23353E-09 im3h 8.15282E-09 im5l 8.61874E-11 im5h 8.1916E-11 src1 0.00199924 src2 0.00199924
BENCH_COMPLETE
Note: Simulation executed from .control section 
