

The temperature limiting function received NaN.
Please check your power dissipation and improve your heat sink Rth!
    This message will be shown only once.

Note: Starting dynamic gmin stepping
Note: Dynamic gmin stepping completed
Note: Starting dynamic gmin stepping
Note: Dynamic gmin stepping completed

Note: Compatibility modes selected: hs a


Circuit: * sg13g2-lna -- two-tone transient iip3 bench (issue #18)

Doing analysis at TEMP = 125.000000 and TNOM = 27.000000

Using SPARSE 1.3 as Direct Linear Solver

No. of Data Rows : 1
OP ic1 0.00985865 ic2 0.00984284 vce1 0.844167 vce2 0.955833 idd 0.0101023
Doing analysis at TEMP = 125.000000 and TNOM = 27.000000

Using SPARSE 1.3 as Direct Linear Solver

Initial Transient Solution
--------------------------

Node                                   Voltage
----                                   -------
vdd                                        1.8
vin                                          0
va                                           0
rfin                                         0
rfout                                        0
xa.outn                                    1.8
xa.vb2                                  1.6355
xa.casc                               0.844167
xa.xq2.s1                          1.67986e-06
xa.xq2.t                               16.4577
xa.b1                                 0.792997
xa.e1                              -3.8264e-18
xa.xq1.s1                          1.43486e-06
xa.xq1.t                               14.5608
l.xa.lc#branch                      0.00984284
l.xa.le#branch                      0.00987435
vt2#branch                                   0
vt1#branch                                   0
vdd#branch                          -0.0101023

 Reference value :  1.00000e-06 Reference value :  1.06041e-06 Reference value :  1.11273e-06 Reference value :  1.16597e-06 Reference value :  1.21810e-06
No. of Data Rows : 65536
NPTS 65536
DFT tone1 0.00481769 tone2 0.00480983 im3l 1.27924E-08 im3h 1.17142E-08 src1 0.00199924
FFT: Time span: 2.62144e-07 s, input length: 65536, zero padding: 0
FFT: Frequency resolution: 3.8147e+06 Hz, output length: 32769
FFTDF 3.8147E+06
FFT tone1 0.00481769 tone2 0.00480983 im3l 1.27775E-08 im3h 1.1736E-08 im5l 1.14597E-10 im5h 1.30496E-10 src1 0.00199924 src2 0.00199924
BENCH_COMPLETE
Note: Simulation executed from .control section 
