
Note: Compatibility modes selected: hs a


Circuit: * sg13g2-lna -- two-tone transient iip3 bench (issue #18)

Doing analysis at TEMP = 27.000000 and TNOM = 27.000000

Using SPARSE 1.3 as Direct Linear Solver

No. of Data Rows : 1
OP ic1 0.00613922 ic2 0.00612261 vce1 0.924813 vce2 1.05519 idd 0.00640696
Doing analysis at TEMP = 27.000000 and TNOM = 27.000000

Using SPARSE 1.3 as Direct Linear Solver

Initial Transient Solution
--------------------------

Node                                   Voltage
----                                   -------
vdd                                       1.98
vin                                          0
va                                           0
rfin                                         0
rfout                                        0
xa.outn                                   1.98
xa.vb2                                 1.79977
xa.casc                               0.924813
xa.xq2.s1                          2.17805e-09
xa.xq2.t                               11.3118
xa.b1                                 0.876211
xa.e1                               2.5825e-18
xa.xq1.s1                          1.00954e-09
xa.xq1.t                               9.94403
l.xa.lc#branch                      0.00612261
l.xa.le#branch                      0.00615573
vt2#branch                                   0
vt1#branch                                   0
vdd#branch                         -0.00640696

 Reference value :  1.00000e-06 Reference value :  1.05560e-06 Reference value :  1.11053e-06 Reference value :  1.16594e-06 Reference value :  1.22151e-06
No. of Data Rows : 65536
NPTS 65536
DFT tone1 0.00222088 tone2 0.00221801 im3l 4.69114E-09 im3h 4.47672E-09 src1 0.000999621
FFT: Time span: 2.62144e-07 s, input length: 65536, zero padding: 0
FFT: Frequency resolution: 3.8147e+06 Hz, output length: 32769
FFTDF 3.8147E+06
FFT tone1 0.00222088 tone2 0.00221801 im3l 4.68404E-09 im3h 4.48789E-09 im5l 7.6242E-11 im5h 8.35326E-11 src1 0.000999621 src2 0.000999618
BENCH_COMPLETE
Note: Simulation executed from .control section 
