

The temperature limiting function received NaN.
Please check your power dissipation and improve your heat sink Rth!
    This message will be shown only once.

Note: Starting dynamic gmin stepping
Note: Dynamic gmin stepping completed
Note: Starting dynamic gmin stepping
Note: Dynamic gmin stepping completed

Note: Compatibility modes selected: hs a


Circuit: * sg13g2-lna -- two-tone transient iip3 bench (issue #18)

Doing analysis at TEMP = 125.000000 and TNOM = 27.000000

Using SPARSE 1.3 as Direct Linear Solver

No. of Data Rows : 1
OP ic1 0.0146967 ic2 0.0146685 vce1 0.973682 vce2 1.00632 idd 0.0149691
Doing analysis at TEMP = 125.000000 and TNOM = 27.000000

Using SPARSE 1.3 as Direct Linear Solver

Initial Transient Solution
--------------------------

Node                                   Voltage
----                                   -------
vdd                                       1.98
vin                                          0
va                                           0
rfin                                         0
rfout                                        0
xa.outn                                   1.98
xa.vb2                                 1.78916
xa.casc                               0.973682
xa.xq2.s1                          3.58215e-06
xa.xq2.t                               25.8278
xa.b1                                 0.816252
xa.e1                              1.71461e-18
xa.xq1.s1                          3.36378e-06
xa.xq1.t                               25.0394
l.xa.lc#branch                       0.0146685
l.xa.le#branch                       0.0147249
vt2#branch                                   0
vt1#branch                                   0
vdd#branch                          -0.0149691

 Reference value :  1.00000e-06 Reference value :  1.04763e-06 Reference value :  1.09562e-06 Reference value :  1.14435e-06 Reference value :  1.19138e-06 Reference value :  1.23953e-06
No. of Data Rows : 65536
NPTS 65536
DFT tone1 0.00248282 tone2 0.00247839 im3l 7.48815E-10 im3h 5.84394E-10 src1 0.000999621
FFT: Time span: 2.62144e-07 s, input length: 65536, zero padding: 0
FFT: Frequency resolution: 3.8147e+06 Hz, output length: 32769
FFTDF 3.8147E+06
FFT tone1 0.00248282 tone2 0.00247839 im3l 7.40976E-10 im3h 5.93768E-10 im5l 6.51273E-11 im5h 8.25783E-11 src1 0.000999621 src2 0.000999618
BENCH_COMPLETE
Note: Simulation executed from .control section 
