
Note: Compatibility modes selected: hs a


Circuit: * sg13g2-lna -- two-tone transient iip3 bench (issue #18)

Doing analysis at TEMP = 27.000000 and TNOM = 27.000000

Using SPARSE 1.3 as Direct Linear Solver

No. of Data Rows : 1
OP ic1 0.000810043 ic2 0.000809498 vce1 0.70125 vce2 0.91875 idd 0.0010239
Doing analysis at TEMP = 27.000000 and TNOM = 27.000000

Using SPARSE 1.3 as Direct Linear Solver

Initial Transient Solution
--------------------------

Node                                   Voltage
----                                   -------
vdd                                       1.62
vin                                          0
va                                           0
rfin                                         0
rfout                                        0
xa.outn                                   1.62
xa.vb2                                  1.4845
xa.casc                                0.70125
xa.xq2.s1                          1.79437e-09
xa.xq2.t                               1.30006
xa.b1                                 0.783603
xa.e1                                        0
xa.xq1.s1                          7.83153e-10
xa.xq1.t                              0.993132
l.xa.lc#branch                     0.000809498
l.xa.le#branch                     0.000810588
vt2#branch                                   0
vt1#branch                                   0
vdd#branch                          -0.0010239

 Reference value :  1.00000e-06 Reference value :  1.06204e-06 Reference value :  1.12537e-06 Reference value :  1.18870e-06 Reference value :  1.25249e-06
No. of Data Rows : 65536
NPTS 65536
DFT tone1 0.00209677 tone2 0.00209763 im3l 4.26049E-07 im3h 4.34243E-07 src1 0.00199924
FFT: Time span: 2.62144e-07 s, input length: 65536, zero padding: 0
FFT: Frequency resolution: 3.8147e+06 Hz, output length: 32769
FFTDF 3.8147E+06
FFT tone1 0.00209677 tone2 0.00209763 im3l 4.26049E-07 im3h 4.34235E-07 im5l 5.21475E-10 im5h 2.42255E-10 src1 0.00199924 src2 0.00199924
BENCH_COMPLETE
Note: Simulation executed from .control section 
