
Note: Compatibility modes selected: hs a


Circuit: * sg13g2-lna -- two-tone transient iip3 bench (issue #18)

Doing analysis at TEMP = 27.000000 and TNOM = 27.000000

Using SPARSE 1.3 as Direct Linear Solver

No. of Data Rows : 1
OP ic1 0.000613707 ic2 0.000612939 vce1 0.702137 vce2 0.917863 idd 0.000827657
Doing analysis at TEMP = 27.000000 and TNOM = 27.000000

Using SPARSE 1.3 as Direct Linear Solver

Initial Transient Solution
--------------------------

Node                                   Voltage
----                                   -------
vdd                                       1.62
vin                                          0
va                                           0
rfin                                         0
rfout                                        0
xa.outn                                   1.62
xa.vb2                                  1.4843
xa.casc                               0.702137
xa.xq2.s1                          1.79395e-09
xa.xq2.t                                0.9839
xa.b1                                 0.782453
xa.e1                             -1.95452e-19
xa.xq1.s1                          7.83869e-10
xa.xq1.t                              0.753843
l.xa.lc#branch                     0.000612939
l.xa.le#branch                     0.000614475
vt2#branch                                   0
vt1#branch                                   0
vdd#branch                        -0.000827657

 Reference value :  1.00000e-06 Reference value :  1.06454e-06 Reference value :  1.12795e-06 Reference value :  1.19095e-06 Reference value :  1.25438e-06
No. of Data Rows : 65536
NPTS 65536
DFT tone1 0.000825675 tone2 0.000826165 im3l 5.17278E-08 im3h 5.18119E-08 src1 0.000999621
FFT: Time span: 2.62144e-07 s, input length: 65536, zero padding: 0
FFT: Frequency resolution: 3.8147e+06 Hz, output length: 32769
FFTDF 3.8147E+06
FFT tone1 0.000825675 tone2 0.000826165 im3l 5.17292E-08 im3h 5.1808E-08 im5l 5.47534E-11 im5h 3.11574E-11 src1 0.000999621 src2 0.000999618
BENCH_COMPLETE
Note: Simulation executed from .control section 
