

The temperature limiting function received NaN.
Please check your power dissipation and improve your heat sink Rth!
    This message will be shown only once.

Note: Starting dynamic gmin stepping
Note: Dynamic gmin stepping completed
Note: Starting dynamic gmin stepping
Note: Dynamic gmin stepping completed

Note: Compatibility modes selected: hs a


Circuit: * sg13g2-lna -- two-tone transient iip3 bench (issue #18)

Doing analysis at TEMP = 125.000000 and TNOM = 27.000000

Using SPARSE 1.3 as Direct Linear Solver

No. of Data Rows : 1
OP ic1 0.00473068 ic2 0.00472451 vce1 0.725862 vce2 0.894138 idd 0.0049468
Doing analysis at TEMP = 125.000000 and TNOM = 27.000000

Using SPARSE 1.3 as Direct Linear Solver

Initial Transient Solution
--------------------------

Node                                   Voltage
----                                   -------
vdd                                       1.62
vin                                          0
va                                           0
rfin                                         0
rfout                                        0
xa.outn                                   1.62
xa.vb2                                 1.47934
xa.casc                               0.725862
xa.xq2.s1                          7.84295e-07
xa.xq2.t                               7.38804
xa.b1                                 0.754783
xa.e1                             -6.81537e-19
xa.xq1.s1                          6.95725e-07
xa.xq1.t                               6.00695
l.xa.lc#branch                      0.00472451
l.xa.le#branch                      0.00473683
vt2#branch                                   0
vt1#branch                                   0
vdd#branch                          -0.0049468

 Reference value :  1.00000e-06 Reference value :  1.06450e-06 Reference value :  1.13486e-06 Reference value :  1.20333e-06
No. of Data Rows : 65536
NPTS 65536
DFT tone1 0.00428703 tone2 0.00428222 im3l 4.51448E-08 im3h 4.20918E-08 src1 0.00199924
FFT: Time span: 2.62144e-07 s, input length: 65536, zero padding: 0
FFT: Frequency resolution: 3.8147e+06 Hz, output length: 32769
FFTDF 3.8147E+06
FFT tone1 0.00428703 tone2 0.00428222 im3l 4.51242E-08 im3h 4.21176E-08 im5l 1.98332E-10 im5h 8.29416E-11 src1 0.00199924 src2 0.00199924
BENCH_COMPLETE
Note: Simulation executed from .control section 
