
Note: Compatibility modes selected: hs a


Circuit: * sg13g2-lna -- two-tone transient iip3 bench (issue #18)

Doing analysis at TEMP = -40.000000 and TNOM = 27.000000

Using SPARSE 1.3 as Direct Linear Solver

No. of Data Rows : 1
OP ic1 0.00105765 ic2 0.00105639 vce1 0.781949 vce2 1.01805 idd 0.00129553
Doing analysis at TEMP = -40.000000 and TNOM = 27.000000

Using SPARSE 1.3 as Direct Linear Solver

Initial Transient Solution
--------------------------

Node                                   Voltage
----                                   -------
vdd                                        1.8
vin                                          0
va                                           0
rfin                                         0
rfout                                        0
xa.outn                                    1.8
xa.vb2                                 1.64885
xa.casc                               0.781949
xa.xq2.s1                          1.97139e-09
xa.xq2.t                               1.88075
xa.b1                                  0.86735
xa.e1                              -5.7452e-19
xa.xq1.s1                          8.51532e-10
xa.xq1.t                               1.44672
l.xa.lc#branch                      0.00105639
l.xa.le#branch                       0.0010589
vt2#branch                                   0
vt1#branch                                   0
vdd#branch                         -0.00129553

 Reference value :  1.00000e-06 Reference value :  1.05665e-06 Reference value :  1.11231e-06 Reference value :  1.17125e-06 Reference value :  1.22967e-06
No. of Data Rows : 65536
NPTS 65536
DFT tone1 0.00278859 tone2 0.00278863 im3l 3.04193E-07 im3h 3.06067E-07 src1 0.00199924
FFT: Time span: 2.62144e-07 s, input length: 65536, zero padding: 0
FFT: Frequency resolution: 3.8147e+06 Hz, output length: 32769
FFTDF 3.8147E+06
FFT tone1 0.00278859 tone2 0.00278863 im3l 3.04178E-07 im3h 3.06075E-07 im5l 6.22874E-10 im5h 3.69857E-10 src1 0.00199924 src2 0.00199924
BENCH_COMPLETE
Note: Simulation executed from .control section 
