
Note: Compatibility modes selected: hs a


Circuit: * sg13g2-lna -- two-tone transient iip3 bench (issue #18)

Doing analysis at TEMP = -40.000000 and TNOM = 27.000000

Using SPARSE 1.3 as Direct Linear Solver

No. of Data Rows : 1
OP ic1 0.00796371 ic2 0.00795666 vce1 0.885132 vce2 1.09487 idd 0.00822758
Doing analysis at TEMP = -40.000000 and TNOM = 27.000000

Using SPARSE 1.3 as Direct Linear Solver

Initial Transient Solution
--------------------------

Node                                   Voltage
----                                   -------
vdd                                       1.98
vin                                          0
va                                           0
rfin                                         0
rfout                                        0
xa.outn                                   1.98
xa.vb2                                 1.80853
xa.casc                               0.885132
xa.xq2.s1                          2.12371e-09
xa.xq2.t                               15.2299
xa.b1                                 0.925747
xa.e1                              1.70278e-18
xa.xq1.s1                          9.19453e-10
xa.xq1.t                               12.3252
l.xa.lc#branch                      0.00795666
l.xa.le#branch                       0.0079706
vt2#branch                                   0
vt1#branch                                   0
vdd#branch                         -0.00822758

 Reference value :  1.00000e-06 Reference value :  1.05240e-06 Reference value :  1.10605e-06 Reference value :  1.15902e-06 Reference value :  1.21185e-06
No. of Data Rows : 65536
NPTS 65536
DFT tone1 0.00241878 tone2 0.00241484 im3l 2.6212E-09 im3h 2.56241E-09 src1 0.000999621
FFT: Time span: 2.62144e-07 s, input length: 65536, zero padding: 0
FFT: Frequency resolution: 3.8147e+06 Hz, output length: 32769
FFTDF 3.8147E+06
FFT tone1 0.00241878 tone2 0.00241484 im3l 2.61678E-09 im3h 2.57359E-09 im5l 5.74446E-11 im5h 6.39964E-11 src1 0.000999621 src2 0.000999618
BENCH_COMPLETE
Note: Simulation executed from .control section 
