
Note: Compatibility modes selected: hs a


Circuit: * sg13g2-lna -- two-tone transient iip3 bench (issue #18)

Doing analysis at TEMP = 27.000000 and TNOM = 27.000000

Using SPARSE 1.3 as Direct Linear Solver

No. of Data Rows : 1
OP ic1 0.0133707 ic2 0.0133561 vce1 0.916773 vce2 1.06323 idd 0.0136375
Doing analysis at TEMP = 27.000000 and TNOM = 27.000000

Using SPARSE 1.3 as Direct Linear Solver

Initial Transient Solution
--------------------------

Node                                   Voltage
----                                   -------
vdd                                       1.98
vin                                          0
va                                           0
rfin                                         0
rfout                                        0
xa.outn                                   1.98
xa.vb2                                  1.8016
xa.casc                               0.916773
xa.xq2.s1                          2.34705e-09
xa.xq2.t                               24.8312
xa.b1                                 0.887489
xa.e1                                        0
xa.xq1.s1                          1.09982e-09
xa.xq1.t                               21.4374
l.xa.lc#branch                       0.0133561
l.xa.le#branch                        0.013385
vt2#branch                                   0
vt1#branch                                   0
vdd#branch                          -0.0136375

 Reference value :  1.00000e-06 Reference value :  1.06155e-06 Reference value :  1.12469e-06 Reference value :  1.18869e-06 Reference value :  1.25378e-06
No. of Data Rows : 65536
NPTS 65536
DFT tone1 0.00504473 tone2 0.00503545 im3l 6.37353E-09 im3h 6.15484E-09 src1 0.00199924
FFT: Time span: 2.62144e-07 s, input length: 65536, zero padding: 0
FFT: Frequency resolution: 3.8147e+06 Hz, output length: 32769
FFTDF 3.8147E+06
FFT tone1 0.00504473 tone2 0.00503545 im3l 6.36482E-09 im3h 6.17454E-09 im5l 1.04213E-10 im5h 1.25893E-10 src1 0.00199924 src2 0.00199924
BENCH_COMPLETE
Note: Simulation executed from .control section 
