

The temperature limiting function received NaN.
Please check your power dissipation and improve your heat sink Rth!
    This message will be shown only once.

Note: Starting dynamic gmin stepping
Note: Dynamic gmin stepping completed
Note: Starting dynamic gmin stepping
Note: Dynamic gmin stepping completed

Note: Compatibility modes selected: hs a


Circuit: * sg13g2-lna -- two-tone transient iip3 bench (issue #18)

Doing analysis at TEMP = 125.000000 and TNOM = 27.000000

Using SPARSE 1.3 as Direct Linear Solver

No. of Data Rows : 1
OP ic1 0.00659202 ic2 0.00657466 vce1 0.850575 vce2 0.949425 idd 0.00683637
Doing analysis at TEMP = 125.000000 and TNOM = 27.000000

Using SPARSE 1.3 as Direct Linear Solver

Initial Transient Solution
--------------------------

Node                                   Voltage
----                                   -------
vdd                                        1.8
vin                                          0
va                                           0
rfin                                         0
rfout                                        0
xa.outn                                    1.8
xa.vb2                                 1.63408
xa.casc                               0.850575
xa.xq2.s1                           1.0596e-06
xa.xq2.t                               10.9287
xa.b1                                 0.784612
xa.e1                             -2.16395e-18
xa.xq1.s1                           9.6374e-07
xa.xq1.t                               9.81914
l.xa.lc#branch                      0.00657466
l.xa.le#branch                      0.00660935
vt2#branch                                   0
vt1#branch                                   0
vdd#branch                         -0.00683637

 Reference value :  1.00000e-06 Reference value :  1.05866e-06 Reference value :  1.11848e-06 Reference value :  1.17721e-06 Reference value :  1.23501e-06
No. of Data Rows : 65536
NPTS 65536
DFT tone1 0.00221434 tone2 0.0022115 im3l 3.8349E-09 im3h 3.4591E-09 src1 0.000999621
FFT: Time span: 2.62144e-07 s, input length: 65536, zero padding: 0
FFT: Frequency resolution: 3.8147e+06 Hz, output length: 32769
FFTDF 3.8147E+06
FFT tone1 0.00221434 tone2 0.0022115 im3l 3.82608E-09 im3h 3.47059E-09 im5l 3.19913E-11 im5h 1.02691E-10 src1 0.000999621 src2 0.000999618
BENCH_COMPLETE
Note: Simulation executed from .control section 
