
Note: Compatibility modes selected: hs a


Circuit: * sg13g2-lna -- two-tone transient iip3 bench (issue #18)

Doing analysis at TEMP = -40.000000 and TNOM = 27.000000

Using SPARSE 1.3 as Direct Linear Solver

No. of Data Rows : 1
OP ic1 3.37335E-05 ic2 3.3708E-05 vce1 0.698753 vce2 0.921247 idd 0.000247385
Doing analysis at TEMP = -40.000000 and TNOM = 27.000000

Using SPARSE 1.3 as Direct Linear Solver

Initial Transient Solution
--------------------------

Node                                   Voltage
----                                   -------
vdd                                       1.62
vin                                          0
va                                           0
rfin                                         0
rfout                                        0
xa.outn                                   1.62
xa.vb2                                 1.48498
xa.casc                               0.698753
xa.xq2.s1                          1.78178e-09
xa.xq2.t                              0.054285
xa.b1                                 0.786276
xa.e1                              1.32044e-20
xa.xq1.s1                          7.68403e-10
xa.xq1.t                             0.0412141
l.xa.lc#branch                      3.3708e-05
l.xa.le#branch                     3.37591e-05
vt2#branch                                   0
vt1#branch                                   0
vdd#branch                        -0.000247385

 Reference value :  1.00000e-06 Reference value :  1.06273e-06 Reference value :  1.12701e-06 Reference value :  1.19057e-06 Reference value :  1.25397e-06
No. of Data Rows : 65536
NPTS 65536
DFT tone1 0.000129481 tone2 0.00012955 im3l 1.62308E-07 im3h 1.62908E-07 src1 0.00199924
FFT: Time span: 2.62144e-07 s, input length: 65536, zero padding: 0
FFT: Frequency resolution: 3.8147e+06 Hz, output length: 32769
FFTDF 3.8147E+06
FFT tone1 0.000129481 tone2 0.00012955 im3l 1.62309E-07 im3h 1.62907E-07 im5l 6.87363E-11 im5h 7.3201E-11 src1 0.00199924 src2 0.00199924
BENCH_COMPLETE
Note: Simulation executed from .control section 
