
Note: Compatibility modes selected: hs a


Circuit: * sg13g2-lna -- two-tone transient iip3 bench (issue #18)

Doing analysis at TEMP = 27.000000 and TNOM = 27.000000

Using SPARSE 1.3 as Direct Linear Solver

No. of Data Rows : 1
OP ic1 0.00406768 ic2 0.004062 vce1 0.801248 vce2 0.998752 idd 0.00430732
Doing analysis at TEMP = 27.000000 and TNOM = 27.000000

Using SPARSE 1.3 as Direct Linear Solver

Initial Transient Solution
--------------------------

Node                                   Voltage
----                                   -------
vdd                                        1.8
vin                                          0
va                                           0
rfin                                         0
rfout                                        0
xa.outn                                    1.8
xa.vb2                                  1.6448
xa.casc                               0.801248
xa.xq2.s1                          1.98384e-09
xa.xq2.t                               7.09608
xa.b1                                 0.844802
xa.e1                              4.52274e-19
xa.xq1.s1                          8.80322e-10
xa.xq1.t                                5.7024
l.xa.lc#branch                        0.004062
l.xa.le#branch                      0.00407331
vt2#branch                                   0
vt1#branch                                   0
vdd#branch                         -0.00430732

 Reference value :  1.00000e-06 Reference value :  1.05825e-06 Reference value :  1.11593e-06 Reference value :  1.17455e-06 Reference value :  1.23204e-06
No. of Data Rows : 65536
NPTS 65536
DFT tone1 0.00430201 tone2 0.00429711 im3l 7.27884E-08 im3h 7.06578E-08 src1 0.00199924
FFT: Time span: 2.62144e-07 s, input length: 65536, zero padding: 0
FFT: Frequency resolution: 3.8147e+06 Hz, output length: 32769
FFTDF 3.8147E+06
FFT tone1 0.00430201 tone2 0.00429711 im3l 7.27718E-08 im3h 7.06825E-08 im5l 1.94764E-10 im5h 6.41746E-11 src1 0.00199924 src2 0.00199924
BENCH_COMPLETE
Note: Simulation executed from .control section 
