
Note: Compatibility modes selected: hs a


Circuit: * sg13g2-lna -- two-tone transient iip3 bench (issue #18)

Doing analysis at TEMP = -40.000000 and TNOM = 27.000000

Using SPARSE 1.3 as Direct Linear Solver

No. of Data Rows : 1
OP ic1 4.26257E-05 ic2 4.26084E-05 vce1 0.698715 vce2 0.921285 idd 0.000256273
Doing analysis at TEMP = -40.000000 and TNOM = 27.000000

Using SPARSE 1.3 as Direct Linear Solver

Initial Transient Solution
--------------------------

Node                                   Voltage
----                                   -------
vdd                                       1.62
vin                                          0
va                                           0
rfin                                         0
rfout                                        0
xa.outn                                   1.62
xa.vb2                                 1.48498
xa.casc                               0.698715
xa.xq2.s1                          1.78178e-09
xa.xq2.t                             0.0686008
xa.b1                                 0.786319
xa.e1                             -1.21082e-20
xa.xq1.s1                          7.68362e-10
xa.xq1.t                             0.0520546
l.xa.lc#branch                     4.26084e-05
l.xa.le#branch                      4.2643e-05
vt2#branch                                   0
vt1#branch                                   0
vdd#branch                        -0.000256273

 Reference value :  1.00000e-06 Reference value :  1.06239e-06 Reference value :  1.12389e-06 Reference value :  1.18473e-06 Reference value :  1.24471e-06
No. of Data Rows : 65536
NPTS 65536
DFT tone1 0.000169269 tone2 0.00016939 im3l 1.91707E-07 im3h 1.92163E-07 src1 0.00199924
FFT: Time span: 2.62144e-07 s, input length: 65536, zero padding: 0
FFT: Frequency resolution: 3.8147e+06 Hz, output length: 32769
FFTDF 3.8147E+06
FFT tone1 0.000169269 tone2 0.00016939 im3l 1.91708E-07 im3h 1.92162E-07 im5l 8.98655E-11 im5h 9.24016E-11 src1 0.00199924 src2 0.00199924
BENCH_COMPLETE
Note: Simulation executed from .control section 
