
Note: Compatibility modes selected: hs a


Circuit: * sg13g2-lna -- two-tone transient iip3 bench (issue #18)

Doing analysis at TEMP = 27.000000 and TNOM = 27.000000

Using SPARSE 1.3 as Direct Linear Solver

No. of Data Rows : 1
OP ic1 0.00592565 ic2 0.00592086 vce1 0.797969 vce2 1.00203 idd 0.00616493
Doing analysis at TEMP = 27.000000 and TNOM = 27.000000

Using SPARSE 1.3 as Direct Linear Solver

Initial Transient Solution
--------------------------

Node                                   Voltage
----                                   -------
vdd                                        1.8
vin                                          0
va                                           0
rfin                                         0
rfout                                        0
xa.outn                                    1.8
xa.vb2                                  1.6456
xa.casc                               0.797969
xa.xq2.s1                          1.99435e-09
xa.xq2.t                                10.372
xa.b1                                 0.849421
xa.e1                                        0
xa.xq1.s1                          8.81876e-10
xa.xq1.t                               8.26788
l.xa.lc#branch                      0.00592086
l.xa.le#branch                      0.00593039
vt2#branch                                   0
vt1#branch                                   0
vdd#branch                         -0.00616493

 Reference value :  1.00000e-06 Reference value :  1.05465e-06 Reference value :  1.10975e-06 Reference value :  1.16460e-06 Reference value :  1.22237e-06
No. of Data Rows : 65536
NPTS 65536
DFT tone1 0.0023643 tone2 0.0023607 im3l 4.40562E-09 im3h 4.29904E-09 src1 0.000999621
FFT: Time span: 2.62144e-07 s, input length: 65536, zero padding: 0
FFT: Frequency resolution: 3.8147e+06 Hz, output length: 32769
FFTDF 3.8147E+06
FFT tone1 0.0023643 tone2 0.0023607 im3l 4.39911E-09 im3h 4.31144E-09 im5l 2.88592E-11 im5h 1.07976E-10 src1 0.000999621 src2 0.000999618
BENCH_COMPLETE
Note: Simulation executed from .control section 
