
Note: Compatibility modes selected: hs a


Circuit: * sg13g2-lna -- matched-circuit s-parameter / nf / stability bench (issue #18)

Doing analysis at TEMP = -40.000000 and TNOM = 27.000000

Using SPARSE 1.3 as Direct Linear Solver

No. of Data Rows : 1
OP ic1 0.00148954 ic2 0.00148853 ib1 1.00236E-06 vce1 0.781049 vce2 1.01895 vbe1 0.868629 idd 0.00172732 pdc 0.00310918
Doing analysis at TEMP = -40.000000 and TNOM = 27.000000

Using SPARSE 1.3 as Direct Linear Solver

No. of Data Rows : 11
INBAND_DAT_WRITTEN /Users/rwalters/GitHub/sg13g2-lna/.loom/worktrees/issue-18/sim/lna-characterization/corners/20260918-210908-4293920/sp_typ_-40c_vdd1.80v.inband.dat
Doing analysis at TEMP = -40.000000 and TNOM = 27.000000

Using SPARSE 1.3 as Direct Linear Solver

No. of Data Rows : 140
STAB_DAT_WRITTEN /Users/rwalters/GitHub/sg13g2-lna/.loom/worktrees/issue-18/sim/lna-characterization/corners/20260918-210908-4293920/sp_typ_-40c_vdd1.80v.stability.dat
Doing analysis at TEMP = -40.000000 and TNOM = 27.000000

Using SPARSE 1.3 as Direct Linear Solver

No. of Data Rows : 1
GAIN lo 10.7035
Doing analysis at TEMP = -40.000000 and TNOM = 27.000000

Using SPARSE 1.3 as Direct Linear Solver

No. of Data Rows : 1
NF lo 1.73252 1.68394
Doing analysis at TEMP = -40.000000 and TNOM = 27.000000

Using SPARSE 1.3 as Direct Linear Solver

No. of Data Rows : 1
GAIN mid 10.6859
Doing analysis at TEMP = -40.000000 and TNOM = 27.000000

Using SPARSE 1.3 as Direct Linear Solver

No. of Data Rows : 1
NF mid 1.73209 1.68352
Doing analysis at TEMP = -40.000000 and TNOM = 27.000000

Using SPARSE 1.3 as Direct Linear Solver

No. of Data Rows : 1
GAIN hi 10.6663
Doing analysis at TEMP = -40.000000 and TNOM = 27.000000

Using SPARSE 1.3 as Direct Linear Solver

No. of Data Rows : 1
NF hi 1.73166 1.68309
BENCH_COMPLETE
Note: Simulation executed from .control section 
