

The temperature limiting function received NaN.
Please check your power dissipation and improve your heat sink Rth!
    This message will be shown only once.

Note: Starting dynamic gmin stepping
Note: Dynamic gmin stepping completed
Note: Starting dynamic gmin stepping
Note: Dynamic gmin stepping completed
Note: Starting dynamic gmin stepping
Note: Dynamic gmin stepping completed
Note: Starting dynamic gmin stepping
Note: Dynamic gmin stepping completed
Note: Starting dynamic gmin stepping
Note: Dynamic gmin stepping completed
Note: Starting dynamic gmin stepping
Note: Dynamic gmin stepping completed
Note: Starting dynamic gmin stepping
Note: Dynamic gmin stepping completed
Note: Starting dynamic gmin stepping
Note: Dynamic gmin stepping completed
Note: Starting dynamic gmin stepping
Note: Dynamic gmin stepping completed

Note: No compatibility mode selected!


Circuit: * sg13g2-lna -- matching-network feasibility study, base-feed what-if probe

Doing analysis at TEMP = 27.000000 and TNOM = 27.000000

Using SPARSE 1.3 as Direct Linear Solver

No. of Data Rows : 1
OP ic1 0.0039403 ic2 0.00393483 idd 0.00471442
Doing analysis at TEMP = 27.000000 and TNOM = 27.000000

Using SPARSE 1.3 as Direct Linear Solver

No. of Data Rows : 1
FEEDSWEEP 0.1 238.151 -931.183 7.20301 0.45278 24.7548 0.808598 0.0236495
Doing analysis at TEMP = 27.000000 and TNOM = 27.000000

Using SPARSE 1.3 as Direct Linear Solver

No. of Data Rows : 1
FEEDSWEEP 0.2 345.868 -925.825 6.98888 0.45265 24.7291 0.808491 0.0230902
Doing analysis at TEMP = 27.000000 and TNOM = 27.000000

Using SPARSE 1.3 as Direct Linear Solver

No. of Data Rows : 1
FEEDSWEEP 0.3 454.082 -925.034 6.69228 0.452524 24.7046 0.80839 0.02253
Doing analysis at TEMP = 27.000000 and TNOM = 27.000000

Using SPARSE 1.3 as Direct Linear Solver

No. of Data Rows : 1
FEEDSWEEP 0.5 670.839 -937.299 5.9762 0.452289 24.659 0.808203 0.0214072
Doing analysis at TEMP = 27.000000 and TNOM = 27.000000

Using SPARSE 1.3 as Direct Linear Solver

No. of Data Rows : 1
FEEDSWEEP 0.7 886.063 -968.021 5.25029 0.452074 24.618 0.808038 0.0202816
Doing analysis at TEMP = 27.000000 and TNOM = 27.000000

Using SPARSE 1.3 as Direct Linear Solver

No. of Data Rows : 1
FEEDSWEEP 1 1200.94 -1047.82 4.32112 0.451789 24.5651 0.807831 0.0185892
Doing analysis at TEMP = 27.000000 and TNOM = 27.000000

Using SPARSE 1.3 as Direct Linear Solver

No. of Data Rows : 1
FEEDSWEEP 1.5 1686.89 -1262.75 3.24055 0.451416 24.4996 0.807596 0.0157623
Doing analysis at TEMP = 27.000000 and TNOM = 27.000000

Using SPARSE 1.3 as Direct Linear Solver
 Reference value :  2.44175e+09Note: Starting dynamic gmin stepping
Note: Dynamic gmin stepping completed

No. of Data Rows : 1
FEEDSWEEP 2 2102.03 -1559.84 2.55786 0.451168 24.4622 0.807496 0.0129348
Doing analysis at TEMP = 27.000000 and TNOM = 27.000000

Using SPARSE 1.3 as Direct Linear Solver

No. of Data Rows : 1
FEEDSWEEP 3 2673.87 -2286.11 1.78108 0.451044 24.4707 0.807703 0.00731098
BENCH_COMPLETE
Note: Simulation executed from .control section 
