Warning: singular matrix:  check node xb.xout

Note: Starting dynamic gmin stepping


The temperature limiting function received NaN.
Please check your power dissipation and improve your heat sink Rth!
    This message will be shown only once.

Warning: singular matrix:  check node xa.xout

Warning: Dynamic gmin stepping failed
Note: Starting true gmin stepping
Warning: singular matrix:  check node xa.xout

Warning: singular matrix:  check node xa.xout

Warning: singular matrix:  check node xa.xout

Warning: singular matrix:  check node xa.xout

Warning: True gmin stepping failed
Note: Starting source stepping
Warning: source stepping failed
Note: Transient op started
Note: Transient op finished successfully

Note: No compatibility mode selected!


Circuit: * sg13g2-lna -- matching-network feasibility study, verification deck

Doing analysis at TEMP = 27.000000 and TNOM = 27.000000

Using SPARSE 1.3 as Direct Linear Solver
 Reference value :  0.00000e+00Warning: singular matrix:  check node xb.xout

Note: Starting dynamic gmin stepping
Warning: singular matrix:  check node xa.xout

Warning: Dynamic gmin stepping failed
Note: Starting true gmin stepping
Warning: singular matrix:  check node xa.xout

Warning: singular matrix:  check node xa.xout

Warning: singular matrix:  check node xa.xout

Warning: singular matrix:  check node xa.xout

Warning: True gmin stepping failed
Note: Starting source stepping
Warning: source stepping failed
Note: Transient op started
Note: Transient op finished successfully
Warning: singular matrix:  check node xb.xout

Note: Starting dynamic gmin stepping
Warning: singular matrix:  check node xa.xout

Warning: Dynamic gmin stepping failed
Note: Starting true gmin stepping
Warning: singular matrix:  check node xa.xout

Warning: singular matrix:  check node xa.xout

Warning: singular matrix:  check node xa.xout

Warning: singular matrix:  check node xa.xout

Warning: True gmin stepping failed
Note: Starting source stepping
Warning: source stepping failed
Note: Transient op started
Note: Transient op finished successfully

No. of Data Rows : 1
OP ic1 0.00394266 ic2 0.00393725 idd 0.00471769 pdc 0.00849185
Doing analysis at TEMP = 27.000000 and TNOM = 27.000000

Using SPARSE 1.3 as Direct Linear Solver

No. of Data Rows : 11
DAT_WRITTEN verify_hp_power_q20.inband.dat
Doing analysis at TEMP = 27.000000 and TNOM = 27.000000

Using SPARSE 1.3 as Direct Linear Solver
 Reference value :  1.00000e+07Warning: singular matrix:  check node xb.xout

Note: Starting dynamic gmin stepping
Warning: singular matrix:  check node xa.xout

Warning: Dynamic gmin stepping failed
Note: Starting true gmin stepping
Warning: singular matrix:  check node xa.xout

Warning: singular matrix:  check node xa.xout

Warning: singular matrix:  check node xa.xout

Warning: singular matrix:  check node xa.xout

Warning: True gmin stepping failed
Note: Starting source stepping
Warning: source stepping failed
Note: Transient op started
Note: Transient op finished successfully
Warning: singular matrix:  check node xb.xout

Note: Starting dynamic gmin stepping
Warning: singular matrix:  check node xa.xout

Warning: Dynamic gmin stepping failed
Note: Starting true gmin stepping
Warning: singular matrix:  check node xa.xout

Warning: singular matrix:  check node xa.xout

Warning: singular matrix:  check node xa.xout

Warning: singular matrix:  check node xa.xout

Warning: True gmin stepping failed
Note: Starting source stepping
Warning: source stepping failed
Note: Transient op started
Note: Transient op finished successfully

No. of Data Rows : 140
DAT_WRITTEN verify_hp_power_q20.stab.dat
Doing analysis at TEMP = 27.000000 and TNOM = 27.000000

Using SPARSE 1.3 as Direct Linear Solver

No. of Data Rows : 21

No. of Data Rows : 1
DAT_WRITTEN verify_hp_power_q20.nf290.dat
Doing analysis at TEMP = 27.000000 and TNOM = 27.000000

Using SPARSE 1.3 as Direct Linear Solver
 Reference value :  2.44175e+09
No. of Data Rows : 1
GAIN mid 24.0328
BENCH_COMPLETE
Note: Simulation executed from .control section 
