Warning: m=xx on .subckt line will override multiplier m hierarchy!



The temperature limiting function received NaN.
Please check your power dissipation and improve your heat sink Rth!
    This message will be shown only once.

Note: Starting dynamic gmin stepping
Note: Dynamic gmin stepping completed

Note: Compatibility modes selected: hs a


Circuit: * sg13g2-lna -- supply-ramp startup / latch check of the option-a

Doing analysis at TEMP = 125.000000 and TNOM = 27.000000

Using SPARSE 1.3 as Direct Linear Solver

Initial Transient Solution
--------------------------

Node                                   Voltage
----                                   -------
vdd                                          0
vss                                          0
nc_b                                         0
nc_a                                         0
nc_e                                         0
xqb.s1                                       0
xqb.t                                        0
xqa.s1                                       0
xqa.t                                        0
bref                                         0
xq3.s1                                       0
xq3.t                                        0
vssa#branch                                  0
vvdd#branch                                  0


No. of Data Rows : 252
STARTUP iq3_end 0.000459327 iq3_s2 0.000459327 iq3_s3 0.000459329
BENCH_COMPLETE
ngspice-46 done
