Warning: m=xx on .subckt line will override multiplier m hierarchy!


Note: Compatibility modes selected: hs a


Circuit: * sg13g2-lna -- supply-ramp startup / latch check of the option-a

Doing analysis at TEMP = 27.000000 and TNOM = 27.000000

Using SPARSE 1.3 as Direct Linear Solver

Initial Transient Solution
--------------------------

Node                                   Voltage
----                                   -------
vdd                                          0
vss                                          0
nc_b                               6.06034e-19
nc_a                              -2.62478e-23
nc_e                              -3.05311e-29
xqb.s1                            -1.28758e-29
xqb.t                              9.12494e-32
xqa.s1                             3.80892e-29
xqa.t                              9.61958e-43
bref                               5.27879e-19
xq3.s1                             2.20583e-28
xq3.t                              1.82497e-28
vssa#branch                          1.678e-30
vvdd#branch                       -1.67799e-30


No. of Data Rows : 254
STARTUP iq3_end 0.000338957 iq3_s2 0.000338957 iq3_s3 0.000338959
BENCH_COMPLETE
ngspice-46 done
