Note: Starting dynamic gmin stepping


The temperature limiting function received NaN.
Please check your power dissipation and improve your heat sink Rth!
    This message will be shown only once.

Note: Dynamic gmin stepping completed
Note: Starting dynamic gmin stepping
Note: Dynamic gmin stepping completed
Note: Starting dynamic gmin stepping
Note: Dynamic gmin stepping completed
Note: Starting dynamic gmin stepping
Note: Dynamic gmin stepping completed
Note: Starting dynamic gmin stepping
Note: Dynamic gmin stepping completed
Note: Starting dynamic gmin stepping
Note: Dynamic gmin stepping completed
Note: Starting dynamic gmin stepping
Note: Dynamic gmin stepping completed

Note: No compatibility mode selected!


Circuit: * sg13g2-lna -- core-envelope s-parameter / nf / stability bench (issue #52)

Doing analysis at TEMP = 27.000000 and TNOM = 27.000000

Using SPARSE 1.3 as Direct Linear Solver

No. of Data Rows : 1
OP ic1 0.00371903 ic2 0.00371438 ib1 4.65322E-06 vce1 0.69309 vce2 0.92691 vbe1 0.788017 idd 0.00406947 pdc 0.00659255
Doing analysis at TEMP = 27.000000 and TNOM = 27.000000

Using SPARSE 1.3 as Direct Linear Solver

No. of Data Rows : 11
INBAND_DAT_WRITTEN /home/ubuntu/GitHub/sg13g2-lna/.loom/worktrees/issue-52/sim/lna-core-envelope/corners/20260926-180931-90b07a0/s_fixi_a40_fs_27c_vdd1.62v.inband.dat
Doing analysis at TEMP = 27.000000 and TNOM = 27.000000

Using SPARSE 1.3 as Direct Linear Solver

No. of Data Rows : 140
STAB_DAT_WRITTEN /home/ubuntu/GitHub/sg13g2-lna/.loom/worktrees/issue-52/sim/lna-core-envelope/corners/20260926-180931-90b07a0/s_fixi_a40_fs_27c_vdd1.62v.stability.dat
Doing analysis at TEMP = 27.000000 and TNOM = 27.000000

Using SPARSE 1.3 as Direct Linear Solver

No. of Data Rows : 1
GAIN lo 12.452
Doing analysis at TEMP = 27.000000 and TNOM = 27.000000

Using SPARSE 1.3 as Direct Linear Solver

No. of Data Rows : 1
NF lo 1.40437 1.3636
Doing analysis at TEMP = 27.000000 and TNOM = 27.000000

Using SPARSE 1.3 as Direct Linear Solver

No. of Data Rows : 1
GAIN mid 12.3821
Doing analysis at TEMP = 27.000000 and TNOM = 27.000000

Using SPARSE 1.3 as Direct Linear Solver
 Reference value :  2.44175e+09Note: Starting dynamic gmin stepping
Note: Dynamic gmin stepping completed
Note: Starting dynamic gmin stepping
Note: Dynamic gmin stepping completed

No. of Data Rows : 1
NF mid 1.40367 1.36291
Doing analysis at TEMP = 27.000000 and TNOM = 27.000000

Using SPARSE 1.3 as Direct Linear Solver

No. of Data Rows : 1
GAIN hi 12.3115
Doing analysis at TEMP = 27.000000 and TNOM = 27.000000

Using SPARSE 1.3 as Direct Linear Solver

No. of Data Rows : 1
NF hi 1.40296 1.36223
BENCH_COMPLETE
Note: Simulation executed from .control section 
