

The temperature limiting function received NaN.
Please check your power dissipation and improve your heat sink Rth!
    This message will be shown only once.

Note: Starting dynamic gmin stepping
Note: Dynamic gmin stepping completed
Note: Starting dynamic gmin stepping
Note: Dynamic gmin stepping completed
Note: Starting dynamic gmin stepping
Note: Dynamic gmin stepping completed
Note: Starting dynamic gmin stepping
Note: Dynamic gmin stepping completed
Note: Starting dynamic gmin stepping
Note: Dynamic gmin stepping completed

Note: No compatibility mode selected!


Circuit: * sg13g2-lna -- core-envelope s-parameter / nf / stability bench (issue #52)

Doing analysis at TEMP = 27.000000 and TNOM = 27.000000

Using SPARSE 1.3 as Direct Linear Solver

No. of Data Rows : 1
OP ic1 0.00393438 ic2 0.00392909 ib1 5.26769E-06 vce1 0.811499 vce2 0.988501 vbe1 0.834573 idd 0.00460784 pdc 0.00829411
Doing analysis at TEMP = 27.000000 and TNOM = 27.000000

Using SPARSE 1.3 as Direct Linear Solver

No. of Data Rows : 11
INBAND_DAT_WRITTEN /home/ubuntu/GitHub/sg13g2-lna/.loom/worktrees/issue-52/sim/lna-core-envelope/corners/20260926-180931-90b07a0/s_fixi_a10_fs_27c_vdd1.80v.inband.dat
Doing analysis at TEMP = 27.000000 and TNOM = 27.000000

Using SPARSE 1.3 as Direct Linear Solver

No. of Data Rows : 140
STAB_DAT_WRITTEN /home/ubuntu/GitHub/sg13g2-lna/.loom/worktrees/issue-52/sim/lna-core-envelope/corners/20260926-180931-90b07a0/s_fixi_a10_fs_27c_vdd1.80v.stability.dat
Doing analysis at TEMP = 27.000000 and TNOM = 27.000000

Using SPARSE 1.3 as Direct Linear Solver

No. of Data Rows : 1
GAIN lo 11.8133
Doing analysis at TEMP = 27.000000 and TNOM = 27.000000

Using SPARSE 1.3 as Direct Linear Solver
 Reference value :  2.40000e+09Note: Starting dynamic gmin stepping
Note: Dynamic gmin stepping completed
Note: Starting dynamic gmin stepping
Note: Dynamic gmin stepping completed
Note: Starting dynamic gmin stepping
Note: Dynamic gmin stepping completed
Note: Starting dynamic gmin stepping
Note: Dynamic gmin stepping completed

No. of Data Rows : 1
NF lo 2.39195 2.32931
Doing analysis at TEMP = 27.000000 and TNOM = 27.000000

Using SPARSE 1.3 as Direct Linear Solver

No. of Data Rows : 1
GAIN mid 11.756
Doing analysis at TEMP = 27.000000 and TNOM = 27.000000

Using SPARSE 1.3 as Direct Linear Solver

No. of Data Rows : 1
NF mid 2.39151 2.32887
Doing analysis at TEMP = 27.000000 and TNOM = 27.000000

Using SPARSE 1.3 as Direct Linear Solver

No. of Data Rows : 1
GAIN hi 11.6976
Doing analysis at TEMP = 27.000000 and TNOM = 27.000000

Using SPARSE 1.3 as Direct Linear Solver

No. of Data Rows : 1
NF hi 2.39105 2.32842
BENCH_COMPLETE
Note: Simulation executed from .control section 
