

The temperature limiting function received NaN.
Please check your power dissipation and improve your heat sink Rth!
    This message will be shown only once.

Note: Starting dynamic gmin stepping
Note: Dynamic gmin stepping completed
Note: Starting dynamic gmin stepping
Note: Dynamic gmin stepping completed

Note: No compatibility mode selected!


Circuit: * sg13g2-lna -- core-envelope s-parameter / nf / stability bench (issue #52)

Doing analysis at TEMP = -40.000000 and TNOM = 27.000000

Using SPARSE 1.3 as Direct Linear Solver

No. of Data Rows : 1
OP ic1 0.00203432 ic2 0.00203165 ib1 2.64707E-06 vce1 0.904526 vce2 1.07547 vbe1 0.909006 idd 0.00281115 pdc 0.00556607
Doing analysis at TEMP = -40.000000 and TNOM = 27.000000

Using SPARSE 1.3 as Direct Linear Solver
 Reference value :  2.40000e+09Note: Starting dynamic gmin stepping
Note: Dynamic gmin stepping completed
Note: Starting dynamic gmin stepping
Note: Dynamic gmin stepping completed
Note: Starting dynamic gmin stepping
Note: Dynamic gmin stepping completed

No. of Data Rows : 11
INBAND_DAT_WRITTEN /home/ubuntu/GitHub/sg13g2-lna/.loom/worktrees/issue-52/sim/lna-core-envelope/corners/20260926-180931-90b07a0/s_fixj_a4_wcs_-40c_vdd1.98v.inband.dat
Doing analysis at TEMP = -40.000000 and TNOM = 27.000000

Using SPARSE 1.3 as Direct Linear Solver

No. of Data Rows : 140
STAB_DAT_WRITTEN /home/ubuntu/GitHub/sg13g2-lna/.loom/worktrees/issue-52/sim/lna-core-envelope/corners/20260926-180931-90b07a0/s_fixj_a4_wcs_-40c_vdd1.98v.stability.dat
Doing analysis at TEMP = -40.000000 and TNOM = 27.000000

Using SPARSE 1.3 as Direct Linear Solver

No. of Data Rows : 1
GAIN lo 8.66657
Doing analysis at TEMP = -40.000000 and TNOM = 27.000000

Using SPARSE 1.3 as Direct Linear Solver
 Reference value :  2.40000e+09Note: Starting dynamic gmin stepping
Note: Dynamic gmin stepping completed
Note: Starting dynamic gmin stepping
Note: Dynamic gmin stepping completed
Note: Starting dynamic gmin stepping
Note: Dynamic gmin stepping completed

No. of Data Rows : 1
NF lo 3.77629 3.69014
Doing analysis at TEMP = -40.000000 and TNOM = 27.000000

Using SPARSE 1.3 as Direct Linear Solver

No. of Data Rows : 1
GAIN mid 8.66036
Doing analysis at TEMP = -40.000000 and TNOM = 27.000000

Using SPARSE 1.3 as Direct Linear Solver

No. of Data Rows : 1
NF mid 3.77595 3.6898
Doing analysis at TEMP = -40.000000 and TNOM = 27.000000

Using SPARSE 1.3 as Direct Linear Solver
 Reference value :  2.48350e+09Note: Starting dynamic gmin stepping
Note: Dynamic gmin stepping completed

No. of Data Rows : 1
GAIN hi 8.65209
Doing analysis at TEMP = -40.000000 and TNOM = 27.000000

Using SPARSE 1.3 as Direct Linear Solver

No. of Data Rows : 1
NF hi 3.77561 3.68946
BENCH_COMPLETE
Note: Simulation executed from .control section 
