

The temperature limiting function received NaN.
Please check your power dissipation and improve your heat sink Rth!
    This message will be shown only once.

Note: Starting dynamic gmin stepping
Note: Dynamic gmin stepping completed
Note: Starting dynamic gmin stepping
Note: Dynamic gmin stepping completed
Note: Starting dynamic gmin stepping
Note: Dynamic gmin stepping completed
Note: Starting dynamic gmin stepping
Note: Dynamic gmin stepping completed

Note: No compatibility mode selected!


Circuit: * sg13g2-lna -- core-envelope s-parameter / nf / stability bench (issue #52)

Doing analysis at TEMP = -40.000000 and TNOM = 27.000000

Using SPARSE 1.3 as Direct Linear Solver

No. of Data Rows : 1
OP ic1 0.0038682 ic2 0.0038682 ib1 4.96145E-06 vce1 0.734984 vce2 1.06502 vbe1 0.907635 idd 0.00849678 pdc 0.0152942
Doing analysis at TEMP = -40.000000 and TNOM = 27.000000

Using SPARSE 1.3 as Direct Linear Solver

No. of Data Rows : 11
INBAND_DAT_WRITTEN /home/ubuntu/GitHub/sg13g2-lna/.loom/worktrees/issue-52/sim/lna-core-envelope/corners/20260926-180931-90b07a0/t_full_wcs_-40c_vdd1.80v.inband.dat
Doing analysis at TEMP = -40.000000 and TNOM = 27.000000

Using SPARSE 1.3 as Direct Linear Solver

No. of Data Rows : 140
STAB_DAT_WRITTEN /home/ubuntu/GitHub/sg13g2-lna/.loom/worktrees/issue-52/sim/lna-core-envelope/corners/20260926-180931-90b07a0/t_full_wcs_-40c_vdd1.80v.stability.dat
Doing analysis at TEMP = -40.000000 and TNOM = 27.000000

Using SPARSE 1.3 as Direct Linear Solver
 Reference value :  2.40000e+09Note: Starting dynamic gmin stepping
Note: Dynamic gmin stepping completed
Note: Starting dynamic gmin stepping
Note: Dynamic gmin stepping completed
Note: Starting dynamic gmin stepping
Note: Dynamic gmin stepping completed
Note: Starting dynamic gmin stepping
Note: Dynamic gmin stepping completed
Note: Starting dynamic gmin stepping
Note: Dynamic gmin stepping completed

No. of Data Rows : 1
GAIN lo 23.9318
Doing analysis at TEMP = -40.000000 and TNOM = 27.000000

Using SPARSE 1.3 as Direct Linear Solver

No. of Data Rows : 1
NF lo 2.63881 2.57141
Doing analysis at TEMP = -40.000000 and TNOM = 27.000000

Using SPARSE 1.3 as Direct Linear Solver

No. of Data Rows : 1
GAIN mid 23.9345
Doing analysis at TEMP = -40.000000 and TNOM = 27.000000

Using SPARSE 1.3 as Direct Linear Solver

No. of Data Rows : 1
NF mid 2.63854 2.57115
Doing analysis at TEMP = -40.000000 and TNOM = 27.000000

Using SPARSE 1.3 as Direct Linear Solver

No. of Data Rows : 1
GAIN hi 23.9339
Doing analysis at TEMP = -40.000000 and TNOM = 27.000000

Using SPARSE 1.3 as Direct Linear Solver

No. of Data Rows : 1
NF hi 2.63834 2.57096
BENCH_COMPLETE
Note: Simulation executed from .control section 
